2025-12-09 14:49:31,852 - INFO - marker_backend.api.endpoints - Saved upload to C:\Users\snich\OneDrive\Documents\GDDE\doc2_pdf_extraction\marker_fullStack\v5\backend\MarkerV3-chunking-by-external\MarkerV4\temp\uploads\gfs_and_tofe_2014121.pdf
2025-12-09 14:49:33,513 - INFO - marker_backend.services.marker_runner - Starting Marker for C:\Users\snich\OneDrive\Documents\GDDE\doc2_pdf_extraction\marker_fullStack\v5\backend\MarkerV3-chunking-by-external\MarkerV4\temp\uploads\gfs_and_tofe_2014121.pdf with cmd: marker_single 'C:\Users\snich\OneDrive\Documents\GDDE\doc2_pdf_extraction\marker_fullStack\v5\backend\MarkerV3-chunking-by-external\MarkerV4\temp\uploads\gfs_and_tofe_2014121.pdf' --force_ocr --output_format markdown --output_dir 'C:\Users\snich\OneDrive\Documents\GDDE\doc2_pdf_extraction\marker_fullStack\v5\backend\MarkerV3-chunking-by-external\MarkerV4\temp\outputs'
2025-12-09 14:51:39,092 - INFO - marker_backend.services.marker_runner - Marker finished for C:\Users\snich\OneDrive\Documents\GDDE\doc2_pdf_extraction\marker_fullStack\v5\backend\MarkerV3-chunking-by-external\MarkerV4\temp\uploads\gfs_and_tofe_2014121.pdf (exit=1) in 125.58s
2025-12-09 14:51:39,093 - DEBUG - marker_backend.services.marker_runner - Marker stdout for C:\Users\snich\OneDrive\Documents\GDDE\doc2_pdf_extraction\marker_fullStack\v5\backend\MarkerV3-chunking-by-external\MarkerV4\temp\uploads\gfs_and_tofe_2014121.pdf:
<no stdout>
2025-12-09 14:51:39,094 - DEBUG - marker_backend.services.marker_runner - Marker stderr for C:\Users\snich\OneDrive\Documents\GDDE\doc2_pdf_extraction\marker_fullStack\v5\backend\MarkerV3-chunking-by-external\MarkerV4\temp\uploads\gfs_and_tofe_2014121.pdf:

Recognizing Layout:   0%|          | 0/9 [00:00<?, ?it/s]
Recognizing Layout:  11%|#1        | 1/9 [00:06<00:51,  6.40s/it]
Recognizing Layout:  44%|####4     | 4/9 [00:06<00:06,  1.25s/it]
Recognizing Layout:  89%|########8 | 8/9 [00:06<00:00,  1.96it/s]
Recognizing Layout: 100%|##########| 9/9 [00:06<00:00,  1.34it/s]

Running OCR Error Detection:   0%|          | 0/1 [00:00<?, ?it/s]
Running OCR Error Detection: 100%|##########| 1/1 [00:00<00:00,  4.00it/s]
Running OCR Error Detection: 100%|##########| 1/1 [00:00<00:00,  4.00it/s]

Detecting bboxes:   0%|          | 0/1 [00:00<?, ?it/s]
Detecting bboxes: 100%|##########| 1/1 [00:30<00:00, 30.23s/it]
Detecting bboxes: 100%|##########| 1/1 [00:30<00:00, 30.23s/it]

Recognizing Text:   0%|          | 0/52 [00:00<?, ?it/s]
Aborted!

Recognizing Text:   0%|          | 0/52 [00:10<?, ?it/s]

2025-12-09 14:51:39,094 - ERROR - marker_backend.services.marker_runner - Marker failed for C:\Users\snich\OneDrive\Documents\GDDE\doc2_pdf_extraction\marker_fullStack\v5\backend\MarkerV3-chunking-by-external\MarkerV4\temp\uploads\gfs_and_tofe_2014121.pdf (exit=1). See stderr in logs.
2025-12-09 14:51:39,096 - ERROR - marker_backend.api.endpoints - Marker processing error
Traceback (most recent call last):
  File "C:\Users\snich\OneDrive\Documents\GDDE\doc2_pdf_extraction\marker_fullStack\v5\backend\MarkerV3-chunking-by-external\MarkerV4\marker_backend\api\endpoints.py", line 24, in upload_pdf
    logger.info(f"Saved upload to {saved_path}")
  File "C:\Users\snich\OneDrive\Documents\GDDE\doc2_pdf_extraction\marker_fullStack\v5\backend\MarkerV3-chunking-by-external\MarkerV4\marker_backend\services\marker_runner.py", line 136, in run_marker_for_chunk
    raise MarkerError(f"Marker failed for {chunk_path}: {res.stderr}")
marker_backend.core.exceptions.MarkerError: Marker failed for C:\Users\snich\OneDrive\Documents\GDDE\doc2_pdf_extraction\marker_fullStack\v5\backend\MarkerV3-chunking-by-external\MarkerV4\temp\uploads\gfs_and_tofe_2014121.pdf: 
Recognizing Layout:   0%|          | 0/9 [00:00<?, ?it/s]
Recognizing Layout:  11%|#1        | 1/9 [00:06<00:51,  6.40s/it]
Recognizing Layout:  44%|####4     | 4/9 [00:06<00:06,  1.25s/it]
Recognizing Layout:  89%|########8 | 8/9 [00:06<00:00,  1.96it/s]
Recognizing Layout: 100%|##########| 9/9 [00:06<00:00,  1.34it/s]

Running OCR Error Detection:   0%|          | 0/1 [00:00<?, ?it/s]
Running OCR Error Detection: 100%|##########| 1/1 [00:00<00:00,  4.00it/s]
Running OCR Error Detection: 100%|##########| 1/1 [00:00<00:00,  4.00it/s]

Detecting bboxes:   0%|          | 0/1 [00:00<?, ?it/s]
Detecting bboxes: 100%|##########| 1/1 [00:30<00:00, 30.23s/it]
Detecting bboxes: 100%|##########| 1/1 [00:30<00:00, 30.23s/it]

Recognizing Text:   0%|          | 0/52 [00:00<?, ?it/s]
Aborted!

Recognizing Text:   0%|          | 0/52 [00:10<?, ?it/s]

2025-12-09 14:54:01,357 - INFO - marker_backend.api.endpoints - Saved upload to C:\Users\snich\OneDrive\Documents\GDDE\doc2_pdf_extraction\marker_fullStack\v5\backend\MarkerV3-chunking-by-external\MarkerV4\temp\uploads\gfs_and_tofe_2014121.pdf
2025-12-09 14:54:01,357 - INFO - marker_backend.api.endpoints - PDF detected, using conversion workflow: C:\Users\snich\OneDrive\Documents\GDDE\doc2_pdf_extraction\marker_fullStack\v5\backend\MarkerV3-chunking-by-external\MarkerV4\temp\uploads\gfs_and_tofe_2014121.pdf
2025-12-09 14:54:01,360 - INFO - marker_backend.services.pdf_converter - Starting PDF conversion workflow for C:\Users\snich\OneDrive\Documents\GDDE\doc2_pdf_extraction\marker_fullStack\v5\backend\MarkerV3-chunking-by-external\MarkerV4\temp\uploads\gfs_and_tofe_2014121.pdf
2025-12-09 14:54:01,362 - ERROR - marker_backend.api.endpoints - Unexpected error processing upload
Traceback (most recent call last):
  File "C:\Users\snich\OneDrive\Documents\GDDE\doc2_pdf_extraction\marker_fullStack\v5\backend\MarkerV3-chunking-by-external\MarkerV4\marker_backend\services\pdf_converter.py", line 32, in _convert_pdf_to_images
    import pdf2image
ModuleNotFoundError: No module named 'pdf2image'

During handling of the above exception, another exception occurred:

Traceback (most recent call last):
  File "C:\Users\snich\OneDrive\Documents\GDDE\doc2_pdf_extraction\marker_fullStack\v5\backend\MarkerV3-chunking-by-external\MarkerV4\marker_backend\services\pdf_converter.py", line 207, in convert_pdf_and_process
    image_paths = _convert_pdf_to_images(pdf_path, temp_image_dir)
  File "C:\Users\snich\OneDrive\Documents\GDDE\doc2_pdf_extraction\marker_fullStack\v5\backend\MarkerV3-chunking-by-external\MarkerV4\marker_backend\services\pdf_converter.py", line 34, in _convert_pdf_to_images
    raise MarkerError(
marker_backend.core.exceptions.MarkerError: pdf2image library not installed. Install with: pip install pdf2image

During handling of the above exception, another exception occurred:

Traceback (most recent call last):
  File "C:\Users\snich\OneDrive\Documents\GDDE\doc2_pdf_extraction\marker_fullStack\v5\backend\MarkerV3-chunking-by-external\MarkerV4\marker_backend\api\endpoints.py", line 36, in upload_pdf
    output = convert_pdf_and_process(saved_path, output_dir=OUTPUTS_DIR, keep_images=False)
  File "C:\Users\snich\OneDrive\Documents\GDDE\doc2_pdf_extraction\marker_fullStack\v5\backend\MarkerV3-chunking-by-external\MarkerV4\marker_backend\services\pdf_converter.py", line 244, in convert_pdf_and_process
    _cleanup_temp_images(image_paths, keep_images=keep_images)
UnboundLocalError: local variable 'image_paths' referenced before assignment
2025-12-09 14:55:42,983 - INFO - marker_backend.api.endpoints - Saved upload to C:\Users\snich\OneDrive\Documents\GDDE\doc2_pdf_extraction\marker_fullStack\v5\backend\MarkerV3-chunking-by-external\MarkerV4\temp\uploads\gfs_and_tofe_2014121.pdf
2025-12-09 14:55:42,983 - INFO - marker_backend.api.endpoints - PDF detected, using conversion workflow: C:\Users\snich\OneDrive\Documents\GDDE\doc2_pdf_extraction\marker_fullStack\v5\backend\MarkerV3-chunking-by-external\MarkerV4\temp\uploads\gfs_and_tofe_2014121.pdf
2025-12-09 14:55:42,983 - INFO - marker_backend.services.pdf_converter - Starting PDF conversion workflow for C:\Users\snich\OneDrive\Documents\GDDE\doc2_pdf_extraction\marker_fullStack\v5\backend\MarkerV3-chunking-by-external\MarkerV4\temp\uploads\gfs_and_tofe_2014121.pdf
2025-12-09 14:55:43,090 - INFO - marker_backend.services.pdf_converter - Converting PDF to images: C:\Users\snich\OneDrive\Documents\GDDE\doc2_pdf_extraction\marker_fullStack\v5\backend\MarkerV3-chunking-by-external\MarkerV4\temp\uploads\gfs_and_tofe_2014121.pdf
2025-12-09 14:55:43,119 - ERROR - marker_backend.services.pdf_converter - PDF to image conversion failed: Unable to get page count. Is poppler installed and in PATH?
2025-12-09 14:55:43,126 - ERROR - marker_backend.api.endpoints - Marker processing error
Traceback (most recent call last):
  File "C:\Users\snich\anaconda3\envs\TorchMarker\lib\site-packages\pdf2image\pdf2image.py", line 581, in pdfinfo_from_path
    proc = Popen(command, env=env, stdout=PIPE, stderr=PIPE)
  File "C:\Users\snich\anaconda3\envs\TorchMarker\lib\subprocess.py", line 971, in __init__
    self._execute_child(args, executable, preexec_fn, close_fds,
  File "C:\Users\snich\anaconda3\envs\TorchMarker\lib\subprocess.py", line 1456, in _execute_child
    hp, ht, pid, tid = _winapi.CreateProcess(executable, args,
FileNotFoundError: [WinError 2] The system cannot find the file specified

During handling of the above exception, another exception occurred:

Traceback (most recent call last):
  File "C:\Users\snich\OneDrive\Documents\GDDE\doc2_pdf_extraction\marker_fullStack\v5\backend\MarkerV3-chunking-by-external\MarkerV4\marker_backend\services\pdf_converter.py", line 51, in _convert_pdf_to_images
    images = convert_from_path(str(pdf_path), dpi=200)
  File "C:\Users\snich\anaconda3\envs\TorchMarker\lib\site-packages\pdf2image\pdf2image.py", line 127, in convert_from_path
    page_count = pdfinfo_from_path(
  File "C:\Users\snich\anaconda3\envs\TorchMarker\lib\site-packages\pdf2image\pdf2image.py", line 607, in pdfinfo_from_path
    raise PDFInfoNotInstalledError(
pdf2image.exceptions.PDFInfoNotInstalledError: Unable to get page count. Is poppler installed and in PATH?

During handling of the above exception, another exception occurred:

Traceback (most recent call last):
  File "C:\Users\snich\OneDrive\Documents\GDDE\doc2_pdf_extraction\marker_fullStack\v5\backend\MarkerV3-chunking-by-external\MarkerV4\marker_backend\api\endpoints.py", line 36, in upload_pdf
    output = convert_pdf_and_process(saved_path, output_dir=OUTPUTS_DIR, keep_images=False)
  File "C:\Users\snich\OneDrive\Documents\GDDE\doc2_pdf_extraction\marker_fullStack\v5\backend\MarkerV3-chunking-by-external\MarkerV4\marker_backend\services\pdf_converter.py", line 208, in convert_pdf_and_process
    image_paths = _convert_pdf_to_images(pdf_path, temp_image_dir)
  File "C:\Users\snich\OneDrive\Documents\GDDE\doc2_pdf_extraction\marker_fullStack\v5\backend\MarkerV3-chunking-by-external\MarkerV4\marker_backend\services\pdf_converter.py", line 66, in _convert_pdf_to_images
    raise MarkerError(f"Failed to convert PDF to images: {str(e)}")
marker_backend.core.exceptions.MarkerError: Failed to convert PDF to images: Unable to get page count. Is poppler installed and in PATH?
2025-12-09 14:58:17,800 - INFO - marker_backend.api.endpoints - Saved upload to C:\Users\snich\OneDrive\Documents\GDDE\doc2_pdf_extraction\marker_fullStack\v5\backend\MarkerV3-chunking-by-external\MarkerV4\temp\uploads\gfs_and_tofe_2014121.pdf
2025-12-09 14:58:17,800 - INFO - marker_backend.api.endpoints - PDF detected, using conversion workflow: C:\Users\snich\OneDrive\Documents\GDDE\doc2_pdf_extraction\marker_fullStack\v5\backend\MarkerV3-chunking-by-external\MarkerV4\temp\uploads\gfs_and_tofe_2014121.pdf
2025-12-09 14:58:17,800 - INFO - marker_backend.services.pdf_converter - Starting PDF conversion workflow for C:\Users\snich\OneDrive\Documents\GDDE\doc2_pdf_extraction\marker_fullStack\v5\backend\MarkerV3-chunking-by-external\MarkerV4\temp\uploads\gfs_and_tofe_2014121.pdf
2025-12-09 14:58:21,191 - INFO - marker_backend.services.pdf_converter - Converting PDF to images: C:\Users\snich\OneDrive\Documents\GDDE\doc2_pdf_extraction\marker_fullStack\v5\backend\MarkerV3-chunking-by-external\MarkerV4\temp\uploads\gfs_and_tofe_2014121.pdf
2025-12-09 14:58:21,195 - INFO - marker_backend.services.pdf_converter - PDF has 9 pages
2025-12-09 14:58:21,319 - DEBUG - marker_backend.services.pdf_converter - Saved page 1 to C:\Users\snich\OneDrive\Documents\GDDE\doc2_pdf_extraction\marker_fullStack\v5\backend\MarkerV3-chunking-by-external\MarkerV4\temp\gfs_and_tofe_2014121_images\gfs_and_tofe_2014121_page_0001.png
2025-12-09 14:58:21,427 - DEBUG - marker_backend.services.pdf_converter - Saved page 2 to C:\Users\snich\OneDrive\Documents\GDDE\doc2_pdf_extraction\marker_fullStack\v5\backend\MarkerV3-chunking-by-external\MarkerV4\temp\gfs_and_tofe_2014121_images\gfs_and_tofe_2014121_page_0002.png
2025-12-09 14:58:21,521 - DEBUG - marker_backend.services.pdf_converter - Saved page 3 to C:\Users\snich\OneDrive\Documents\GDDE\doc2_pdf_extraction\marker_fullStack\v5\backend\MarkerV3-chunking-by-external\MarkerV4\temp\gfs_and_tofe_2014121_images\gfs_and_tofe_2014121_page_0003.png
2025-12-09 14:58:21,598 - DEBUG - marker_backend.services.pdf_converter - Saved page 4 to C:\Users\snich\OneDrive\Documents\GDDE\doc2_pdf_extraction\marker_fullStack\v5\backend\MarkerV3-chunking-by-external\MarkerV4\temp\gfs_and_tofe_2014121_images\gfs_and_tofe_2014121_page_0004.png
2025-12-09 14:58:21,671 - DEBUG - marker_backend.services.pdf_converter - Saved page 5 to C:\Users\snich\OneDrive\Documents\GDDE\doc2_pdf_extraction\marker_fullStack\v5\backend\MarkerV3-chunking-by-external\MarkerV4\temp\gfs_and_tofe_2014121_images\gfs_and_tofe_2014121_page_0005.png
2025-12-09 14:58:21,749 - DEBUG - marker_backend.services.pdf_converter - Saved page 6 to C:\Users\snich\OneDrive\Documents\GDDE\doc2_pdf_extraction\marker_fullStack\v5\backend\MarkerV3-chunking-by-external\MarkerV4\temp\gfs_and_tofe_2014121_images\gfs_and_tofe_2014121_page_0006.png
2025-12-09 14:58:21,804 - DEBUG - marker_backend.services.pdf_converter - Saved page 7 to C:\Users\snich\OneDrive\Documents\GDDE\doc2_pdf_extraction\marker_fullStack\v5\backend\MarkerV3-chunking-by-external\MarkerV4\temp\gfs_and_tofe_2014121_images\gfs_and_tofe_2014121_page_0007.png
2025-12-09 14:58:21,886 - DEBUG - marker_backend.services.pdf_converter - Saved page 8 to C:\Users\snich\OneDrive\Documents\GDDE\doc2_pdf_extraction\marker_fullStack\v5\backend\MarkerV3-chunking-by-external\MarkerV4\temp\gfs_and_tofe_2014121_images\gfs_and_tofe_2014121_page_0008.png
2025-12-09 14:58:21,933 - DEBUG - marker_backend.services.pdf_converter - Saved page 9 to C:\Users\snich\OneDrive\Documents\GDDE\doc2_pdf_extraction\marker_fullStack\v5\backend\MarkerV3-chunking-by-external\MarkerV4\temp\gfs_and_tofe_2014121_images\gfs_and_tofe_2014121_page_0009.png
2025-12-09 14:58:21,933 - INFO - marker_backend.services.pdf_converter - Successfully converted 9 pages from PDF
2025-12-09 14:58:21,933 - INFO - marker_backend.services.pdf_converter - Extracted 9 images from PDF
2025-12-09 14:58:21,933 - INFO - marker_backend.services.pdf_converter - Processing extracted images with marker_single
2025-12-09 14:58:21,933 - INFO - marker_backend.services.pdf_converter - Processing image 1/9: gfs_and_tofe_2014121_page_0001.png
2025-12-09 14:58:21,933 - INFO - marker_backend.services.pdf_converter - Processing image with marker_single: C:\Users\snich\OneDrive\Documents\GDDE\doc2_pdf_extraction\marker_fullStack\v5\backend\MarkerV3-chunking-by-external\MarkerV4\temp\gfs_and_tofe_2014121_images\gfs_and_tofe_2014121_page_0001.png
2025-12-09 14:58:23,587 - INFO - marker_backend.services.marker_runner - Starting Marker for C:\Users\snich\OneDrive\Documents\GDDE\doc2_pdf_extraction\marker_fullStack\v5\backend\MarkerV3-chunking-by-external\MarkerV4\temp\gfs_and_tofe_2014121_images\gfs_and_tofe_2014121_page_0001.png with cmd: marker_single 'C:\Users\snich\OneDrive\Documents\GDDE\doc2_pdf_extraction\marker_fullStack\v5\backend\MarkerV3-chunking-by-external\MarkerV4\temp\gfs_and_tofe_2014121_images\gfs_and_tofe_2014121_page_0001.png' --force_ocr --output_format markdown --output_dir 'C:\Users\snich\OneDrive\Documents\GDDE\doc2_pdf_extraction\marker_fullStack\v5\backend\MarkerV3-chunking-by-external\MarkerV4\temp\outputs'
2025-12-09 14:59:31,913 - INFO - marker_backend.services.marker_runner - Marker finished for C:\Users\snich\OneDrive\Documents\GDDE\doc2_pdf_extraction\marker_fullStack\v5\backend\MarkerV3-chunking-by-external\MarkerV4\temp\gfs_and_tofe_2014121_images\gfs_and_tofe_2014121_page_0001.png (exit=0) in 68.33s
2025-12-09 14:59:31,913 - DEBUG - marker_backend.services.marker_runner - Marker stdout for C:\Users\snich\OneDrive\Documents\GDDE\doc2_pdf_extraction\marker_fullStack\v5\backend\MarkerV3-chunking-by-external\MarkerV4\temp\gfs_and_tofe_2014121_images\gfs_and_tofe_2014121_page_0001.png:
<no stdout>
2025-12-09 14:59:31,913 - DEBUG - marker_backend.services.marker_runner - Marker stderr for C:\Users\snich\OneDrive\Documents\GDDE\doc2_pdf_extraction\marker_fullStack\v5\backend\MarkerV3-chunking-by-external\MarkerV4\temp\gfs_and_tofe_2014121_images\gfs_and_tofe_2014121_page_0001.png:

Recognizing Layout:   0%|          | 0/1 [00:00<?, ?it/s]
Recognizing Layout: 100%|##########| 1/1 [00:01<00:00,  1.51s/it]
Recognizing Layout: 100%|##########| 1/1 [00:01<00:00,  1.51s/it]

Running OCR Error Detection:   0%|          | 0/1 [00:00<?, ?it/s]
Running OCR Error Detection: 100%|##########| 1/1 [00:00<00:00,  7.33it/s]
Running OCR Error Detection: 100%|##########| 1/1 [00:00<00:00,  7.33it/s]

Detecting bboxes:   0%|          | 0/1 [00:00<?, ?it/s]
Detecting bboxes: 100%|##########| 1/1 [00:01<00:00,  1.44s/it]
Detecting bboxes: 100%|##########| 1/1 [00:01<00:00,  1.44s/it]

Recognizing Text:   0%|          | 0/11 [00:00<?, ?it/s]
Recognizing Text:   9%|9         | 1/11 [00:01<00:12,  1.29s/it]
Recognizing Text:  18%|#8        | 2/11 [00:01<00:05,  1.68it/s]
Recognizing Text:  27%|##7       | 3/11 [00:01<00:04,  1.99it/s]
Recognizing Text:  36%|###6      | 4/11 [00:01<00:02,  2.70it/s]
Recognizing Text:  45%|####5     | 5/11 [00:02<00:01,  3.61it/s]
Recognizing Text:  55%|#####4    | 6/11 [00:02<00:01,  3.17it/s]
Recognizing Text:  64%|######3   | 7/11 [00:03<00:02,  1.54it/s]
Recognizing Text:  73%|#######2  | 8/11 [00:06<00:03,  1.19s/it]
Recognizing Text:  82%|########1 | 9/11 [00:19<00:09,  4.89s/it]
Recognizing Text:  91%|######### | 10/11 [00:43<00:11, 11.04s/it]
Recognizing Text: 100%|##########| 11/11 [00:44<00:00,  7.78s/it]
Recognizing Text: 100%|##########| 11/11 [00:44<00:00,  4.03s/it]

Detecting bboxes: 0it [00:00, ?it/s]
Detecting bboxes: 0it [00:00, ?it/s]
2025-12-09 14:59:30,350 [INFO] marker: Saved markdown to C:\Users\snich\OneDrive\Documents\GDDE\doc2_pdf_extraction\marker_fullStack\v5\backend\MarkerV3-chunking-by-external\MarkerV4\temp\outputs\gfs_and_tofe_2014121_page_0001
2025-12-09 14:59:30,352 [INFO] marker: Total time: 51.93252682685852

2025-12-09 14:59:31,913 - DEBUG - marker_backend.services.marker_runner - Expected output not found at canonical path; attempting discovery heuristics.
2025-12-09 14:59:31,935 - INFO - marker_backend.services.marker_runner - Discovered Marker output at C:\Users\snich\OneDrive\Documents\GDDE\doc2_pdf_extraction\marker_fullStack\v5\backend\MarkerV3-chunking-by-external\MarkerV4\temp\outputs\gfs_and_tofe_2014121_page_0001
2025-12-09 14:59:31,936 - ERROR - marker_backend.services.pdf_converter - Error processing image C:\Users\snich\OneDrive\Documents\GDDE\doc2_pdf_extraction\marker_fullStack\v5\backend\MarkerV3-chunking-by-external\MarkerV4\temp\gfs_and_tofe_2014121_images\gfs_and_tofe_2014121_page_0001.png: [Errno 13] Permission denied: 'C:\\Users\\snich\\OneDrive\\Documents\\GDDE\\doc2_pdf_extraction\\marker_fullStack\\v5\\backend\\MarkerV3-chunking-by-external\\MarkerV4\\temp\\outputs\\gfs_and_tofe_2014121_page_0001'
2025-12-09 14:59:31,937 - WARNING - marker_backend.services.pdf_converter - Failed to process image C:\Users\snich\OneDrive\Documents\GDDE\doc2_pdf_extraction\marker_fullStack\v5\backend\MarkerV3-chunking-by-external\MarkerV4\temp\gfs_and_tofe_2014121_images\gfs_and_tofe_2014121_page_0001.png: Failed to process image with marker: [Errno 13] Permission denied: 'C:\\Users\\snich\\OneDrive\\Documents\\GDDE\\doc2_pdf_extraction\\marker_fullStack\\v5\\backend\\MarkerV3-chunking-by-external\\MarkerV4\\temp\\outputs\\gfs_and_tofe_2014121_page_0001'
2025-12-09 14:59:31,937 - INFO - marker_backend.services.pdf_converter - Processing image 2/9: gfs_and_tofe_2014121_page_0002.png
2025-12-09 14:59:31,937 - INFO - marker_backend.services.pdf_converter - Processing image with marker_single: C:\Users\snich\OneDrive\Documents\GDDE\doc2_pdf_extraction\marker_fullStack\v5\backend\MarkerV3-chunking-by-external\MarkerV4\temp\gfs_and_tofe_2014121_images\gfs_and_tofe_2014121_page_0002.png
2025-12-09 14:59:32,097 - INFO - marker_backend.services.marker_runner - Starting Marker for C:\Users\snich\OneDrive\Documents\GDDE\doc2_pdf_extraction\marker_fullStack\v5\backend\MarkerV3-chunking-by-external\MarkerV4\temp\gfs_and_tofe_2014121_images\gfs_and_tofe_2014121_page_0002.png with cmd: marker_single 'C:\Users\snich\OneDrive\Documents\GDDE\doc2_pdf_extraction\marker_fullStack\v5\backend\MarkerV3-chunking-by-external\MarkerV4\temp\gfs_and_tofe_2014121_images\gfs_and_tofe_2014121_page_0002.png' --force_ocr --output_format markdown --output_dir 'C:\Users\snich\OneDrive\Documents\GDDE\doc2_pdf_extraction\marker_fullStack\v5\backend\MarkerV3-chunking-by-external\MarkerV4\temp\outputs'
2025-12-09 14:59:47,896 - INFO - marker_backend.services.marker_runner - Marker finished for C:\Users\snich\OneDrive\Documents\GDDE\doc2_pdf_extraction\marker_fullStack\v5\backend\MarkerV3-chunking-by-external\MarkerV4\temp\gfs_and_tofe_2014121_images\gfs_and_tofe_2014121_page_0002.png (exit=1) in 15.80s
2025-12-09 14:59:47,896 - DEBUG - marker_backend.services.marker_runner - Marker stdout for C:\Users\snich\OneDrive\Documents\GDDE\doc2_pdf_extraction\marker_fullStack\v5\backend\MarkerV3-chunking-by-external\MarkerV4\temp\gfs_and_tofe_2014121_images\gfs_and_tofe_2014121_page_0002.png:
<no stdout>
2025-12-09 14:59:47,896 - DEBUG - marker_backend.services.marker_runner - Marker stderr for C:\Users\snich\OneDrive\Documents\GDDE\doc2_pdf_extraction\marker_fullStack\v5\backend\MarkerV3-chunking-by-external\MarkerV4\temp\gfs_and_tofe_2014121_images\gfs_and_tofe_2014121_page_0002.png:

Aborted!

2025-12-09 14:59:47,896 - ERROR - marker_backend.services.marker_runner - Marker failed for C:\Users\snich\OneDrive\Documents\GDDE\doc2_pdf_extraction\marker_fullStack\v5\backend\MarkerV3-chunking-by-external\MarkerV4\temp\gfs_and_tofe_2014121_images\gfs_and_tofe_2014121_page_0002.png (exit=1). See stderr in logs.
2025-12-09 14:59:47,896 - WARNING - marker_backend.services.pdf_converter - Failed to process image C:\Users\snich\OneDrive\Documents\GDDE\doc2_pdf_extraction\marker_fullStack\v5\backend\MarkerV3-chunking-by-external\MarkerV4\temp\gfs_and_tofe_2014121_images\gfs_and_tofe_2014121_page_0002.png: Marker failed for C:\Users\snich\OneDrive\Documents\GDDE\doc2_pdf_extraction\marker_fullStack\v5\backend\MarkerV3-chunking-by-external\MarkerV4\temp\gfs_and_tofe_2014121_images\gfs_and_tofe_2014121_page_0002.png: 
Aborted!

2025-12-09 14:59:47,896 - INFO - marker_backend.services.pdf_converter - Processing image 3/9: gfs_and_tofe_2014121_page_0003.png
2025-12-09 14:59:47,906 - INFO - marker_backend.services.pdf_converter - Processing image with marker_single: C:\Users\snich\OneDrive\Documents\GDDE\doc2_pdf_extraction\marker_fullStack\v5\backend\MarkerV3-chunking-by-external\MarkerV4\temp\gfs_and_tofe_2014121_images\gfs_and_tofe_2014121_page_0003.png
2025-12-09 14:59:47,971 - INFO - marker_backend.services.marker_runner - Starting Marker for C:\Users\snich\OneDrive\Documents\GDDE\doc2_pdf_extraction\marker_fullStack\v5\backend\MarkerV3-chunking-by-external\MarkerV4\temp\gfs_and_tofe_2014121_images\gfs_and_tofe_2014121_page_0003.png with cmd: marker_single 'C:\Users\snich\OneDrive\Documents\GDDE\doc2_pdf_extraction\marker_fullStack\v5\backend\MarkerV3-chunking-by-external\MarkerV4\temp\gfs_and_tofe_2014121_images\gfs_and_tofe_2014121_page_0003.png' --force_ocr --output_format markdown --output_dir 'C:\Users\snich\OneDrive\Documents\GDDE\doc2_pdf_extraction\marker_fullStack\v5\backend\MarkerV3-chunking-by-external\MarkerV4\temp\outputs'
2025-12-09 15:00:01,251 - INFO - marker_backend.services.marker_runner - Marker finished for C:\Users\snich\OneDrive\Documents\GDDE\doc2_pdf_extraction\marker_fullStack\v5\backend\MarkerV3-chunking-by-external\MarkerV4\temp\gfs_and_tofe_2014121_images\gfs_and_tofe_2014121_page_0003.png (exit=3221225786) in 13.28s
2025-12-09 15:00:01,260 - DEBUG - marker_backend.services.marker_runner - Marker stdout for C:\Users\snich\OneDrive\Documents\GDDE\doc2_pdf_extraction\marker_fullStack\v5\backend\MarkerV3-chunking-by-external\MarkerV4\temp\gfs_and_tofe_2014121_images\gfs_and_tofe_2014121_page_0003.png:
<no stdout>
2025-12-09 15:00:01,260 - DEBUG - marker_backend.services.marker_runner - Marker stderr for C:\Users\snich\OneDrive\Documents\GDDE\doc2_pdf_extraction\marker_fullStack\v5\backend\MarkerV3-chunking-by-external\MarkerV4\temp\gfs_and_tofe_2014121_images\gfs_and_tofe_2014121_page_0003.png:
Traceback (most recent call last):
  File "C:\Users\snich\anaconda3\envs\TorchMarker\lib\runpy.py", line 196, in _run_module_as_main
    return _run_code(code, main_globals, None,
  File "C:\Users\snich\anaconda3\envs\TorchMarker\lib\runpy.py", line 86, in _run_code
    exec(code, run_globals)
  File "C:\Users\snich\anaconda3\envs\TorchMarker\Scripts\marker_single.exe\__main__.py", line 2, in <module>
    from marker.scripts.convert_single import convert_single_cli
  File "C:\Users\snich\anaconda3\envs\TorchMarker\lib\site-packages\marker\scripts\convert_single.py", line 13, in <module>
    from marker.config.printer import CustomClickPrinter
  File "C:\Users\snich\anaconda3\envs\TorchMarker\lib\site-packages\marker\config\printer.py", line 5, in <module>
    from marker.config.crawler import crawler
  File "C:\Users\snich\anaconda3\envs\TorchMarker\lib\site-packages\marker\config\crawler.py", line 125, in <module>
    crawler = ConfigCrawler()
  File "C:\Users\snich\anaconda3\envs\TorchMarker\lib\site-packages\marker\config\crawler.py", line 32, in __init__
    self._crawl_config()
  File "C:\Users\snich\anaconda3\envs\TorchMarker\lib\site-packages\marker\config\crawler.py", line 38, in _crawl_config
    for class_name, class_type in self._find_subclasses(base).items():
  File "C:\Users\snich\anaconda3\envs\TorchMarker\lib\site-packages\marker\config\crawler.py", line 108, in _find_subclasses
    module = importlib.import_module(module_name)
  File "C:\Users\snich\anaconda3\envs\TorchMarker\lib\importlib\__init__.py", line 126, in import_module
    return _bootstrap._gcd_import(name[level:], package, level)
  File "C:\Users\snich\anaconda3\envs\TorchMarker\lib\site-packages\marker\services\azure_openai.py", line 7, in <module>
    from openai import AzureOpenAI, APITimeoutError, RateLimitError
  File "C:\Users\snich\anaconda3\envs\TorchMarker\lib\site-packages\openai\__init__.py", line 94, in <module>
    from .lib.streaming import (
  File "C:\Users\snich\anaconda3\envs\TorchMarker\lib\site-packages\openai\lib\streaming\__init__.py", line 1, in <module>
    from ._assistants import (
  File "C:\Users\snich\anaconda3\envs\TorchMarker\lib\site-packages\openai\lib\streaming\_assistants.py", line 14, in <module>
    from ...types.beta import AssistantStreamEvent
  File "C:\Users\snich\anaconda3\envs\TorchMarker\lib\site-packages\openai\types\beta\__init__.py", line 19, in <module>
    from .assistant_stream_event import AssistantStreamEvent as AssistantStreamEvent
  File "C:\Users\snich\anaconda3\envs\TorchMarker\lib\site-packages\openai\types\beta\assistant_stream_event.py", line 98, in <module>
    class ThreadRunCompleted(BaseModel):
  File "C:\Users\snich\anaconda3\envs\TorchMarker\lib\site-packages\pydantic\_internal\_model_construction.py", line 112, in __new__
    private_attributes = inspect_namespace(
  File "C:\Users\snich\anaconda3\envs\TorchMarker\lib\site-packages\pydantic\_internal\_model_construction.py", line 394, in inspect_namespace
    FieldInfo = import_cached_field_info()
KeyboardInterrupt

2025-12-09 15:00:01,260 - ERROR - marker_backend.services.marker_runner - Marker failed for C:\Users\snich\OneDrive\Documents\GDDE\doc2_pdf_extraction\marker_fullStack\v5\backend\MarkerV3-chunking-by-external\MarkerV4\temp\gfs_and_tofe_2014121_images\gfs_and_tofe_2014121_page_0003.png (exit=3221225786). See stderr in logs.
2025-12-09 15:00:01,265 - WARNING - marker_backend.services.pdf_converter - Failed to process image C:\Users\snich\OneDrive\Documents\GDDE\doc2_pdf_extraction\marker_fullStack\v5\backend\MarkerV3-chunking-by-external\MarkerV4\temp\gfs_and_tofe_2014121_images\gfs_and_tofe_2014121_page_0003.png: Marker failed for C:\Users\snich\OneDrive\Documents\GDDE\doc2_pdf_extraction\marker_fullStack\v5\backend\MarkerV3-chunking-by-external\MarkerV4\temp\gfs_and_tofe_2014121_images\gfs_and_tofe_2014121_page_0003.png: Traceback (most recent call last):
  File "C:\Users\snich\anaconda3\envs\TorchMarker\lib\runpy.py", line 196, in _run_module_as_main
    return _run_code(code, main_globals, None,
  File "C:\Users\snich\anaconda3\envs\TorchMarker\lib\runpy.py", line 86, in _run_code
    exec(code, run_globals)
  File "C:\Users\snich\anaconda3\envs\TorchMarker\Scripts\marker_single.exe\__main__.py", line 2, in <module>
    from marker.scripts.convert_single import convert_single_cli
  File "C:\Users\snich\anaconda3\envs\TorchMarker\lib\site-packages\marker\scripts\convert_single.py", line 13, in <module>
    from marker.config.printer import CustomClickPrinter
  File "C:\Users\snich\anaconda3\envs\TorchMarker\lib\site-packages\marker\config\printer.py", line 5, in <module>
    from marker.config.crawler import crawler
  File "C:\Users\snich\anaconda3\envs\TorchMarker\lib\site-packages\marker\config\crawler.py", line 125, in <module>
    crawler = ConfigCrawler()
  File "C:\Users\snich\anaconda3\envs\TorchMarker\lib\site-packages\marker\config\crawler.py", line 32, in __init__
    self._crawl_config()
  File "C:\Users\snich\anaconda3\envs\TorchMarker\lib\site-packages\marker\config\crawler.py", line 38, in _crawl_config
    for class_name, class_type in self._find_subclasses(base).items():
  File "C:\Users\snich\anaconda3\envs\TorchMarker\lib\site-packages\marker\config\crawler.py", line 108, in _find_subclasses
    module = importlib.import_module(module_name)
  File "C:\Users\snich\anaconda3\envs\TorchMarker\lib\importlib\__init__.py", line 126, in import_module
    return _bootstrap._gcd_import(name[level:], package, level)
  File "C:\Users\snich\anaconda3\envs\TorchMarker\lib\site-packages\marker\services\azure_openai.py", line 7, in <module>
    from openai import AzureOpenAI, APITimeoutError, RateLimitError
  File "C:\Users\snich\anaconda3\envs\TorchMarker\lib\site-packages\openai\__init__.py", line 94, in <module>
    from .lib.streaming import (
  File "C:\Users\snich\anaconda3\envs\TorchMarker\lib\site-packages\openai\lib\streaming\__init__.py", line 1, in <module>
    from ._assistants import (
  File "C:\Users\snich\anaconda3\envs\TorchMarker\lib\site-packages\openai\lib\streaming\_assistants.py", line 14, in <module>
    from ...types.beta import AssistantStreamEvent
  File "C:\Users\snich\anaconda3\envs\TorchMarker\lib\site-packages\openai\types\beta\__init__.py", line 19, in <module>
    from .assistant_stream_event import AssistantStreamEvent as AssistantStreamEvent
  File "C:\Users\snich\anaconda3\envs\TorchMarker\lib\site-packages\openai\types\beta\assistant_stream_event.py", line 98, in <module>
    class ThreadRunCompleted(BaseModel):
  File "C:\Users\snich\anaconda3\envs\TorchMarker\lib\site-packages\pydantic\_internal\_model_construction.py", line 112, in __new__
    private_attributes = inspect_namespace(
  File "C:\Users\snich\anaconda3\envs\TorchMarker\lib\site-packages\pydantic\_internal\_model_construction.py", line 394, in inspect_namespace
    FieldInfo = import_cached_field_info()
KeyboardInterrupt

2025-12-09 15:00:01,268 - INFO - marker_backend.services.pdf_converter - Processing image 4/9: gfs_and_tofe_2014121_page_0004.png
2025-12-09 15:00:01,269 - INFO - marker_backend.services.pdf_converter - Processing image with marker_single: C:\Users\snich\OneDrive\Documents\GDDE\doc2_pdf_extraction\marker_fullStack\v5\backend\MarkerV3-chunking-by-external\MarkerV4\temp\gfs_and_tofe_2014121_images\gfs_and_tofe_2014121_page_0004.png
2025-12-09 15:00:01,422 - INFO - marker_backend.services.marker_runner - Starting Marker for C:\Users\snich\OneDrive\Documents\GDDE\doc2_pdf_extraction\marker_fullStack\v5\backend\MarkerV3-chunking-by-external\MarkerV4\temp\gfs_and_tofe_2014121_images\gfs_and_tofe_2014121_page_0004.png with cmd: marker_single 'C:\Users\snich\OneDrive\Documents\GDDE\doc2_pdf_extraction\marker_fullStack\v5\backend\MarkerV3-chunking-by-external\MarkerV4\temp\gfs_and_tofe_2014121_images\gfs_and_tofe_2014121_page_0004.png' --force_ocr --output_format markdown --output_dir 'C:\Users\snich\OneDrive\Documents\GDDE\doc2_pdf_extraction\marker_fullStack\v5\backend\MarkerV3-chunking-by-external\MarkerV4\temp\outputs'
2025-12-09 15:00:08,883 - INFO - marker_backend.services.marker_runner - Marker finished for C:\Users\snich\OneDrive\Documents\GDDE\doc2_pdf_extraction\marker_fullStack\v5\backend\MarkerV3-chunking-by-external\MarkerV4\temp\gfs_and_tofe_2014121_images\gfs_and_tofe_2014121_page_0004.png (exit=3221225786) in 7.46s
2025-12-09 15:00:08,883 - DEBUG - marker_backend.services.marker_runner - Marker stdout for C:\Users\snich\OneDrive\Documents\GDDE\doc2_pdf_extraction\marker_fullStack\v5\backend\MarkerV3-chunking-by-external\MarkerV4\temp\gfs_and_tofe_2014121_images\gfs_and_tofe_2014121_page_0004.png:
<no stdout>
2025-12-09 15:00:08,884 - DEBUG - marker_backend.services.marker_runner - Marker stderr for C:\Users\snich\OneDrive\Documents\GDDE\doc2_pdf_extraction\marker_fullStack\v5\backend\MarkerV3-chunking-by-external\MarkerV4\temp\gfs_and_tofe_2014121_images\gfs_and_tofe_2014121_page_0004.png:
Traceback (most recent call last):
  File "C:\Users\snich\anaconda3\envs\TorchMarker\lib\runpy.py", line 196, in _run_module_as_main
    return _run_code(code, main_globals, None,
  File "C:\Users\snich\anaconda3\envs\TorchMarker\lib\runpy.py", line 86, in _run_code
    exec(code, run_globals)
  File "C:\Users\snich\anaconda3\envs\TorchMarker\Scripts\marker_single.exe\__main__.py", line 2, in <module>
  File "C:\Users\snich\anaconda3\envs\TorchMarker\lib\site-packages\marker\scripts\convert_single.py", line 12, in <module>
    from marker.config.parser import ConfigParser
  File "C:\Users\snich\anaconda3\envs\TorchMarker\lib\site-packages\marker\config\parser.py", line 7, in <module>
    from marker.converters.pdf import PdfConverter
  File "C:\Users\snich\anaconda3\envs\TorchMarker\lib\site-packages\marker\converters\pdf.py", line 17, in <module>
    from marker.builders.document import DocumentBuilder
  File "C:\Users\snich\anaconda3\envs\TorchMarker\lib\site-packages\marker\builders\document.py", line 4, in <module>
    from marker.builders.layout import LayoutBuilder
  File "C:\Users\snich\anaconda3\envs\TorchMarker\lib\site-packages\marker\builders\layout.py", line 3, in <module>
    from surya.layout import LayoutPredictor
  File "C:\Users\snich\anaconda3\envs\TorchMarker\lib\site-packages\surya\layout\__init__.py", line 8, in <module>
    from surya.foundation import FoundationPredictor, TaskNames
  File "C:\Users\snich\anaconda3\envs\TorchMarker\lib\site-packages\surya\foundation\__init__.py", line 15, in <module>
    from surya.common.surya import SuryaModelOutput
  File "C:\Users\snich\anaconda3\envs\TorchMarker\lib\site-packages\surya\common\surya\__init__.py", line 12, in <module>
    from surya.common.pretrained import SuryaPreTrainedModel
  File "C:\Users\snich\anaconda3\envs\TorchMarker\lib\site-packages\surya\common\pretrained.py", line 3, in <module>
    from transformers import PreTrainedModel
  File "<frozen importlib._bootstrap>", line 1075, in _handle_fromlist
  File "C:\Users\snich\anaconda3\envs\TorchMarker\lib\site-packages\transformers\utils\import_utils.py", line 2302, in __getattr__
    module = self._get_module(self._class_to_module[name])
  File "C:\Users\snich\anaconda3\envs\TorchMarker\lib\site-packages\transformers\utils\import_utils.py", line 2330, in _get_module
    return importlib.import_module("." + module_name, self.__name__)
  File "C:\Users\snich\anaconda3\envs\TorchMarker\lib\importlib\__init__.py", line 126, in import_module
    return _bootstrap._gcd_import(name[level:], package, level)
  File "C:\Users\snich\anaconda3\envs\TorchMarker\lib\site-packages\transformers\modeling_utils.py", line 70, in <module>
    from .loss.loss_utils import LOSS_MAPPING
  File "C:\Users\snich\anaconda3\envs\TorchMarker\lib\site-packages\transformers\loss\loss_utils.py", line 21, in <module>
    from .loss_d_fine import DFineForObjectDetectionLoss
  File "C:\Users\snich\anaconda3\envs\TorchMarker\lib\site-packages\transformers\loss\loss_d_fine.py", line 21, in <module>
    from .loss_for_object_detection import (
  File "C:\Users\snich\anaconda3\envs\TorchMarker\lib\site-packages\transformers\loss\loss_for_object_detection.py", line 28, in <module>
    from scipy.optimize import linear_sum_assignment
  File "C:\Users\snich\anaconda3\envs\TorchMarker\lib\site-packages\scipy\optimize\__init__.py", line 422, in <module>
    from ._optimize import *
  File "C:\Users\snich\anaconda3\envs\TorchMarker\lib\site-packages\scipy\optimize\_optimize.py", line 34, in <module>
    from scipy.linalg import cholesky, issymmetric, LinAlgError
  File "C:\Users\snich\anaconda3\envs\TorchMarker\lib\site-packages\scipy\linalg\__init__.py", line 205, in <module>
    from ._basic import *
  File "C:\Users\snich\anaconda3\envs\TorchMarker\lib\site-packages\scipy\linalg\_basic.py", line 14, in <module>
    from ._decomp import _asarray_validated
  File "C:\Users\snich\anaconda3\envs\TorchMarker\lib\site-packages\scipy\linalg\_decomp.py", line 24, in <module>
    from scipy._lib._util import _asarray_validated
  File "C:\Users\snich\anaconda3\envs\TorchMarker\lib\site-packages\scipy\_lib\_util.py", line 13, in <module>
    from scipy._lib._array_api import array_namespace, is_numpy, xp_size
  File "C:\Users\snich\anaconda3\envs\TorchMarker\lib\site-packages\scipy\_lib\_array_api.py", line 18, in <module>
    from scipy._lib.array_api_compat import (
  File "C:\Users\snich\anaconda3\envs\TorchMarker\lib\site-packages\scipy\_lib\array_api_compat\numpy\__init__.py", line 7, in <module>
    from ._aliases import * # noqa: F403
  File "C:\Users\snich\anaconda3\envs\TorchMarker\lib\site-packages\scipy\_lib\array_api_compat\numpy\_aliases.py", line 7, in <module>
    from ._info import __array_namespace_info__
  File "<frozen importlib._bootstrap>", line 1027, in _find_and_load
  File "<frozen importlib._bootstrap>", line 1002, in _find_and_load_unlocked
  File "<frozen importlib._bootstrap>", line 945, in _find_spec
  File "<frozen importlib._bootstrap_external>", line 1439, in find_spec
  File "<frozen importlib._bootstrap_external>", line 1411, in _get_spec
  File "<frozen importlib._bootstrap_external>", line 1577, in find_spec
  File "<frozen importlib._bootstrap_external>", line 161, in _path_isfile
  File "<frozen importlib._bootstrap_external>", line 153, in _path_is_mode_type
  File "<frozen importlib._bootstrap_external>", line 147, in _path_stat
KeyboardInterrupt

2025-12-09 15:00:08,885 - ERROR - marker_backend.services.marker_runner - Marker failed for C:\Users\snich\OneDrive\Documents\GDDE\doc2_pdf_extraction\marker_fullStack\v5\backend\MarkerV3-chunking-by-external\MarkerV4\temp\gfs_and_tofe_2014121_images\gfs_and_tofe_2014121_page_0004.png (exit=3221225786). See stderr in logs.
2025-12-09 15:00:08,885 - WARNING - marker_backend.services.pdf_converter - Failed to process image C:\Users\snich\OneDrive\Documents\GDDE\doc2_pdf_extraction\marker_fullStack\v5\backend\MarkerV3-chunking-by-external\MarkerV4\temp\gfs_and_tofe_2014121_images\gfs_and_tofe_2014121_page_0004.png: Marker failed for C:\Users\snich\OneDrive\Documents\GDDE\doc2_pdf_extraction\marker_fullStack\v5\backend\MarkerV3-chunking-by-external\MarkerV4\temp\gfs_and_tofe_2014121_images\gfs_and_tofe_2014121_page_0004.png: Traceback (most recent call last):
  File "C:\Users\snich\anaconda3\envs\TorchMarker\lib\runpy.py", line 196, in _run_module_as_main
    return _run_code(code, main_globals, None,
  File "C:\Users\snich\anaconda3\envs\TorchMarker\lib\runpy.py", line 86, in _run_code
    exec(code, run_globals)
  File "C:\Users\snich\anaconda3\envs\TorchMarker\Scripts\marker_single.exe\__main__.py", line 2, in <module>
  File "C:\Users\snich\anaconda3\envs\TorchMarker\lib\site-packages\marker\scripts\convert_single.py", line 12, in <module>
    from marker.config.parser import ConfigParser
  File "C:\Users\snich\anaconda3\envs\TorchMarker\lib\site-packages\marker\config\parser.py", line 7, in <module>
    from marker.converters.pdf import PdfConverter
  File "C:\Users\snich\anaconda3\envs\TorchMarker\lib\site-packages\marker\converters\pdf.py", line 17, in <module>
    from marker.builders.document import DocumentBuilder
  File "C:\Users\snich\anaconda3\envs\TorchMarker\lib\site-packages\marker\builders\document.py", line 4, in <module>
    from marker.builders.layout import LayoutBuilder
  File "C:\Users\snich\anaconda3\envs\TorchMarker\lib\site-packages\marker\builders\layout.py", line 3, in <module>
    from surya.layout import LayoutPredictor
  File "C:\Users\snich\anaconda3\envs\TorchMarker\lib\site-packages\surya\layout\__init__.py", line 8, in <module>
    from surya.foundation import FoundationPredictor, TaskNames
  File "C:\Users\snich\anaconda3\envs\TorchMarker\lib\site-packages\surya\foundation\__init__.py", line 15, in <module>
    from surya.common.surya import SuryaModelOutput
  File "C:\Users\snich\anaconda3\envs\TorchMarker\lib\site-packages\surya\common\surya\__init__.py", line 12, in <module>
    from surya.common.pretrained import SuryaPreTrainedModel
  File "C:\Users\snich\anaconda3\envs\TorchMarker\lib\site-packages\surya\common\pretrained.py", line 3, in <module>
    from transformers import PreTrainedModel
  File "<frozen importlib._bootstrap>", line 1075, in _handle_fromlist
  File "C:\Users\snich\anaconda3\envs\TorchMarker\lib\site-packages\transformers\utils\import_utils.py", line 2302, in __getattr__
    module = self._get_module(self._class_to_module[name])
  File "C:\Users\snich\anaconda3\envs\TorchMarker\lib\site-packages\transformers\utils\import_utils.py", line 2330, in _get_module
    return importlib.import_module("." + module_name, self.__name__)
  File "C:\Users\snich\anaconda3\envs\TorchMarker\lib\importlib\__init__.py", line 126, in import_module
    return _bootstrap._gcd_import(name[level:], package, level)
  File "C:\Users\snich\anaconda3\envs\TorchMarker\lib\site-packages\transformers\modeling_utils.py", line 70, in <module>
    from .loss.loss_utils import LOSS_MAPPING
  File "C:\Users\snich\anaconda3\envs\TorchMarker\lib\site-packages\transformers\loss\loss_utils.py", line 21, in <module>
    from .loss_d_fine import DFineForObjectDetectionLoss
  File "C:\Users\snich\anaconda3\envs\TorchMarker\lib\site-packages\transformers\loss\loss_d_fine.py", line 21, in <module>
    from .loss_for_object_detection import (
  File "C:\Users\snich\anaconda3\envs\TorchMarker\lib\site-packages\transformers\loss\loss_for_object_detection.py", line 28, in <module>
    from scipy.optimize import linear_sum_assignment
  File "C:\Users\snich\anaconda3\envs\TorchMarker\lib\site-packages\scipy\optimize\__init__.py", line 422, in <module>
    from ._optimize import *
  File "C:\Users\snich\anaconda3\envs\TorchMarker\lib\site-packages\scipy\optimize\_optimize.py", line 34, in <module>
    from scipy.linalg import cholesky, issymmetric, LinAlgError
  File "C:\Users\snich\anaconda3\envs\TorchMarker\lib\site-packages\scipy\linalg\__init__.py", line 205, in <module>
    from ._basic import *
  File "C:\Users\snich\anaconda3\envs\TorchMarker\lib\site-packages\scipy\linalg\_basic.py", line 14, in <module>
    from ._decomp import _asarray_validated
  File "C:\Users\snich\anaconda3\envs\TorchMarker\lib\site-packages\scipy\linalg\_decomp.py", line 24, in <module>
    from scipy._lib._util import _asarray_validated
  File "C:\Users\snich\anaconda3\envs\TorchMarker\lib\site-packages\scipy\_lib\_util.py", line 13, in <module>
    from scipy._lib._array_api import array_namespace, is_numpy, xp_size
  File "C:\Users\snich\anaconda3\envs\TorchMarker\lib\site-packages\scipy\_lib\_array_api.py", line 18, in <module>
    from scipy._lib.array_api_compat import (
  File "C:\Users\snich\anaconda3\envs\TorchMarker\lib\site-packages\scipy\_lib\array_api_compat\numpy\__init__.py", line 7, in <module>
    from ._aliases import * # noqa: F403
  File "C:\Users\snich\anaconda3\envs\TorchMarker\lib\site-packages\scipy\_lib\array_api_compat\numpy\_aliases.py", line 7, in <module>
    from ._info import __array_namespace_info__
  File "<frozen importlib._bootstrap>", line 1027, in _find_and_load
  File "<frozen importlib._bootstrap>", line 1002, in _find_and_load_unlocked
  File "<frozen importlib._bootstrap>", line 945, in _find_spec
  File "<frozen importlib._bootstrap_external>", line 1439, in find_spec
  File "<frozen importlib._bootstrap_external>", line 1411, in _get_spec
  File "<frozen importlib._bootstrap_external>", line 1577, in find_spec
  File "<frozen importlib._bootstrap_external>", line 161, in _path_isfile
  File "<frozen importlib._bootstrap_external>", line 153, in _path_is_mode_type
  File "<frozen importlib._bootstrap_external>", line 147, in _path_stat
KeyboardInterrupt

2025-12-09 15:00:08,887 - INFO - marker_backend.services.pdf_converter - Processing image 5/9: gfs_and_tofe_2014121_page_0005.png
2025-12-09 15:00:08,887 - INFO - marker_backend.services.pdf_converter - Processing image with marker_single: C:\Users\snich\OneDrive\Documents\GDDE\doc2_pdf_extraction\marker_fullStack\v5\backend\MarkerV3-chunking-by-external\MarkerV4\temp\gfs_and_tofe_2014121_images\gfs_and_tofe_2014121_page_0005.png
2025-12-09 15:00:08,957 - INFO - marker_backend.services.marker_runner - Starting Marker for C:\Users\snich\OneDrive\Documents\GDDE\doc2_pdf_extraction\marker_fullStack\v5\backend\MarkerV3-chunking-by-external\MarkerV4\temp\gfs_and_tofe_2014121_images\gfs_and_tofe_2014121_page_0005.png with cmd: marker_single 'C:\Users\snich\OneDrive\Documents\GDDE\doc2_pdf_extraction\marker_fullStack\v5\backend\MarkerV3-chunking-by-external\MarkerV4\temp\gfs_and_tofe_2014121_images\gfs_and_tofe_2014121_page_0005.png' --force_ocr --output_format markdown --output_dir 'C:\Users\snich\OneDrive\Documents\GDDE\doc2_pdf_extraction\marker_fullStack\v5\backend\MarkerV3-chunking-by-external\MarkerV4\temp\outputs'
2025-12-09 15:00:21,191 - INFO - marker_backend.services.marker_runner - Marker finished for C:\Users\snich\OneDrive\Documents\GDDE\doc2_pdf_extraction\marker_fullStack\v5\backend\MarkerV3-chunking-by-external\MarkerV4\temp\gfs_and_tofe_2014121_images\gfs_and_tofe_2014121_page_0005.png (exit=3221225786) in 12.23s
2025-12-09 15:00:21,191 - DEBUG - marker_backend.services.marker_runner - Marker stdout for C:\Users\snich\OneDrive\Documents\GDDE\doc2_pdf_extraction\marker_fullStack\v5\backend\MarkerV3-chunking-by-external\MarkerV4\temp\gfs_and_tofe_2014121_images\gfs_and_tofe_2014121_page_0005.png:
<no stdout>
2025-12-09 15:00:21,191 - DEBUG - marker_backend.services.marker_runner - Marker stderr for C:\Users\snich\OneDrive\Documents\GDDE\doc2_pdf_extraction\marker_fullStack\v5\backend\MarkerV3-chunking-by-external\MarkerV4\temp\gfs_and_tofe_2014121_images\gfs_and_tofe_2014121_page_0005.png:
Traceback (most recent call last):
  File "C:\Users\snich\anaconda3\envs\TorchMarker\lib\runpy.py", line 196, in _run_module_as_main
    return _run_code(code, main_globals, None,
  File "C:\Users\snich\anaconda3\envs\TorchMarker\lib\runpy.py", line 86, in _run_code
    exec(code, run_globals)
  File "C:\Users\snich\anaconda3\envs\TorchMarker\Scripts\marker_single.exe\__main__.py", line 2, in <module>
  File "C:\Users\snich\anaconda3\envs\TorchMarker\lib\site-packages\marker\scripts\convert_single.py", line 12, in <module>
    from marker.config.parser import ConfigParser
  File "C:\Users\snich\anaconda3\envs\TorchMarker\lib\site-packages\marker\config\parser.py", line 7, in <module>
    from marker.converters.pdf import PdfConverter
  File "C:\Users\snich\anaconda3\envs\TorchMarker\lib\site-packages\marker\converters\pdf.py", line 51, in <module>
    from marker.services.gemini import GoogleGeminiService
  File "C:\Users\snich\anaconda3\envs\TorchMarker\lib\site-packages\marker\services\gemini.py", line 8, in <module>
    from google import genai
  File "C:\Users\snich\anaconda3\envs\TorchMarker\lib\site-packages\google\genai\__init__.py", line 18, in <module>
    from . import types
  File "C:\Users\snich\anaconda3\envs\TorchMarker\lib\site-packages\google\genai\types.py", line 11533, in <module>
    class BatchJobSource(_common.BaseModel):
  File "C:\Users\snich\anaconda3\envs\TorchMarker\lib\site-packages\pydantic\_internal\_model_construction.py", line 237, in __new__
    complete_model_class(
  File "C:\Users\snich\anaconda3\envs\TorchMarker\lib\site-packages\pydantic\_internal\_model_construction.py", line 597, in complete_model_class
    schema = gen_schema.generate_schema(cls)
  File "C:\Users\snich\anaconda3\envs\TorchMarker\lib\site-packages\pydantic\_internal\_generate_schema.py", line 711, in generate_schema
    schema = self._generate_schema_inner(obj)
  File "C:\Users\snich\anaconda3\envs\TorchMarker\lib\site-packages\pydantic\_internal\_generate_schema.py", line 1004, in _generate_schema_inner
    return self._model_schema(obj)
  File "C:\Users\snich\anaconda3\envs\TorchMarker\lib\site-packages\pydantic\_internal\_generate_schema.py", line 837, in _model_schema
    {k: self._generate_md_field_schema(k, v, decorators) for k, v in fields.items()},
  File "C:\Users\snich\anaconda3\envs\TorchMarker\lib\site-packages\pydantic\_internal\_generate_schema.py", line 837, in <dictcomp>
    {k: self._generate_md_field_schema(k, v, decorators) for k, v in fields.items()},
  File "C:\Users\snich\anaconda3\envs\TorchMarker\lib\site-packages\pydantic\_internal\_generate_schema.py", line 1206, in _generate_md_field_schema
    common_field = self._common_field_schema(name, field_info, decorators)
  File "C:\Users\snich\anaconda3\envs\TorchMarker\lib\site-packages\pydantic\_internal\_generate_schema.py", line 1372, in _common_field_schema
    schema = self._apply_annotations(
  File "C:\Users\snich\anaconda3\envs\TorchMarker\lib\site-packages\pydantic\_internal\_generate_schema.py", line 2297, in _apply_annotations
    schema = get_inner_schema(source_type)
  File "C:\Users\snich\anaconda3\envs\TorchMarker\lib\site-packages\pydantic\_internal\_schema_generation_shared.py", line 83, in __call__
    schema = self._handler(source_type)
  File "C:\Users\snich\anaconda3\envs\TorchMarker\lib\site-packages\pydantic\_internal\_generate_schema.py", line 2279, in inner_handler
    schema = self._generate_schema_inner(obj)
  File "C:\Users\snich\anaconda3\envs\TorchMarker\lib\site-packages\pydantic\_internal\_generate_schema.py", line 1009, in _generate_schema_inner
    return self.match_type(obj)
  File "C:\Users\snich\anaconda3\envs\TorchMarker\lib\site-packages\pydantic\_internal\_generate_schema.py", line 1080, in match_type
    elif obj in COUNTER_TYPES:
  File "C:\Users\snich\anaconda3\envs\TorchMarker\lib\typing.py", line 1243, in __eq__
    if not isinstance(other, (_UnionGenericAlias, types.UnionType)):
KeyboardInterrupt

2025-12-09 15:00:21,191 - ERROR - marker_backend.services.marker_runner - Marker failed for C:\Users\snich\OneDrive\Documents\GDDE\doc2_pdf_extraction\marker_fullStack\v5\backend\MarkerV3-chunking-by-external\MarkerV4\temp\gfs_and_tofe_2014121_images\gfs_and_tofe_2014121_page_0005.png (exit=3221225786). See stderr in logs.
2025-12-09 15:00:21,191 - WARNING - marker_backend.services.pdf_converter - Failed to process image C:\Users\snich\OneDrive\Documents\GDDE\doc2_pdf_extraction\marker_fullStack\v5\backend\MarkerV3-chunking-by-external\MarkerV4\temp\gfs_and_tofe_2014121_images\gfs_and_tofe_2014121_page_0005.png: Marker failed for C:\Users\snich\OneDrive\Documents\GDDE\doc2_pdf_extraction\marker_fullStack\v5\backend\MarkerV3-chunking-by-external\MarkerV4\temp\gfs_and_tofe_2014121_images\gfs_and_tofe_2014121_page_0005.png: Traceback (most recent call last):
  File "C:\Users\snich\anaconda3\envs\TorchMarker\lib\runpy.py", line 196, in _run_module_as_main
    return _run_code(code, main_globals, None,
  File "C:\Users\snich\anaconda3\envs\TorchMarker\lib\runpy.py", line 86, in _run_code
    exec(code, run_globals)
  File "C:\Users\snich\anaconda3\envs\TorchMarker\Scripts\marker_single.exe\__main__.py", line 2, in <module>
  File "C:\Users\snich\anaconda3\envs\TorchMarker\lib\site-packages\marker\scripts\convert_single.py", line 12, in <module>
    from marker.config.parser import ConfigParser
  File "C:\Users\snich\anaconda3\envs\TorchMarker\lib\site-packages\marker\config\parser.py", line 7, in <module>
    from marker.converters.pdf import PdfConverter
  File "C:\Users\snich\anaconda3\envs\TorchMarker\lib\site-packages\marker\converters\pdf.py", line 51, in <module>
    from marker.services.gemini import GoogleGeminiService
  File "C:\Users\snich\anaconda3\envs\TorchMarker\lib\site-packages\marker\services\gemini.py", line 8, in <module>
    from google import genai
  File "C:\Users\snich\anaconda3\envs\TorchMarker\lib\site-packages\google\genai\__init__.py", line 18, in <module>
    from . import types
  File "C:\Users\snich\anaconda3\envs\TorchMarker\lib\site-packages\google\genai\types.py", line 11533, in <module>
    class BatchJobSource(_common.BaseModel):
  File "C:\Users\snich\anaconda3\envs\TorchMarker\lib\site-packages\pydantic\_internal\_model_construction.py", line 237, in __new__
    complete_model_class(
  File "C:\Users\snich\anaconda3\envs\TorchMarker\lib\site-packages\pydantic\_internal\_model_construction.py", line 597, in complete_model_class
    schema = gen_schema.generate_schema(cls)
  File "C:\Users\snich\anaconda3\envs\TorchMarker\lib\site-packages\pydantic\_internal\_generate_schema.py", line 711, in generate_schema
    schema = self._generate_schema_inner(obj)
  File "C:\Users\snich\anaconda3\envs\TorchMarker\lib\site-packages\pydantic\_internal\_generate_schema.py", line 1004, in _generate_schema_inner
    return self._model_schema(obj)
  File "C:\Users\snich\anaconda3\envs\TorchMarker\lib\site-packages\pydantic\_internal\_generate_schema.py", line 837, in _model_schema
    {k: self._generate_md_field_schema(k, v, decorators) for k, v in fields.items()},
  File "C:\Users\snich\anaconda3\envs\TorchMarker\lib\site-packages\pydantic\_internal\_generate_schema.py", line 837, in <dictcomp>
    {k: self._generate_md_field_schema(k, v, decorators) for k, v in fields.items()},
  File "C:\Users\snich\anaconda3\envs\TorchMarker\lib\site-packages\pydantic\_internal\_generate_schema.py", line 1206, in _generate_md_field_schema
    common_field = self._common_field_schema(name, field_info, decorators)
  File "C:\Users\snich\anaconda3\envs\TorchMarker\lib\site-packages\pydantic\_internal\_generate_schema.py", line 1372, in _common_field_schema
    schema = self._apply_annotations(
  File "C:\Users\snich\anaconda3\envs\TorchMarker\lib\site-packages\pydantic\_internal\_generate_schema.py", line 2297, in _apply_annotations
    schema = get_inner_schema(source_type)
  File "C:\Users\snich\anaconda3\envs\TorchMarker\lib\site-packages\pydantic\_internal\_schema_generation_shared.py", line 83, in __call__
    schema = self._handler(source_type)
  File "C:\Users\snich\anaconda3\envs\TorchMarker\lib\site-packages\pydantic\_internal\_generate_schema.py", line 2279, in inner_handler
    schema = self._generate_schema_inner(obj)
  File "C:\Users\snich\anaconda3\envs\TorchMarker\lib\site-packages\pydantic\_internal\_generate_schema.py", line 1009, in _generate_schema_inner
    return self.match_type(obj)
  File "C:\Users\snich\anaconda3\envs\TorchMarker\lib\site-packages\pydantic\_internal\_generate_schema.py", line 1080, in match_type
    elif obj in COUNTER_TYPES:
  File "C:\Users\snich\anaconda3\envs\TorchMarker\lib\typing.py", line 1243, in __eq__
    if not isinstance(other, (_UnionGenericAlias, types.UnionType)):
KeyboardInterrupt

2025-12-09 15:00:21,191 - INFO - marker_backend.services.pdf_converter - Processing image 6/9: gfs_and_tofe_2014121_page_0006.png
2025-12-09 15:00:21,191 - INFO - marker_backend.services.pdf_converter - Processing image with marker_single: C:\Users\snich\OneDrive\Documents\GDDE\doc2_pdf_extraction\marker_fullStack\v5\backend\MarkerV3-chunking-by-external\MarkerV4\temp\gfs_and_tofe_2014121_images\gfs_and_tofe_2014121_page_0006.png
2025-12-09 15:00:21,343 - INFO - marker_backend.services.marker_runner - Starting Marker for C:\Users\snich\OneDrive\Documents\GDDE\doc2_pdf_extraction\marker_fullStack\v5\backend\MarkerV3-chunking-by-external\MarkerV4\temp\gfs_and_tofe_2014121_images\gfs_and_tofe_2014121_page_0006.png with cmd: marker_single 'C:\Users\snich\OneDrive\Documents\GDDE\doc2_pdf_extraction\marker_fullStack\v5\backend\MarkerV3-chunking-by-external\MarkerV4\temp\gfs_and_tofe_2014121_images\gfs_and_tofe_2014121_page_0006.png' --force_ocr --output_format markdown --output_dir 'C:\Users\snich\OneDrive\Documents\GDDE\doc2_pdf_extraction\marker_fullStack\v5\backend\MarkerV3-chunking-by-external\MarkerV4\temp\outputs'
2025-12-09 15:00:47,819 - INFO - marker_backend.services.marker_runner - Marker finished for C:\Users\snich\OneDrive\Documents\GDDE\doc2_pdf_extraction\marker_fullStack\v5\backend\MarkerV3-chunking-by-external\MarkerV4\temp\gfs_and_tofe_2014121_images\gfs_and_tofe_2014121_page_0006.png (exit=1) in 26.48s
2025-12-09 15:00:47,820 - DEBUG - marker_backend.services.marker_runner - Marker stdout for C:\Users\snich\OneDrive\Documents\GDDE\doc2_pdf_extraction\marker_fullStack\v5\backend\MarkerV3-chunking-by-external\MarkerV4\temp\gfs_and_tofe_2014121_images\gfs_and_tofe_2014121_page_0006.png:
<no stdout>
2025-12-09 15:00:47,820 - DEBUG - marker_backend.services.marker_runner - Marker stderr for C:\Users\snich\OneDrive\Documents\GDDE\doc2_pdf_extraction\marker_fullStack\v5\backend\MarkerV3-chunking-by-external\MarkerV4\temp\gfs_and_tofe_2014121_images\gfs_and_tofe_2014121_page_0006.png:

Recognizing Layout:   0%|          | 0/1 [00:00<?, ?it/s]
Recognizing Layout: 100%|##########| 1/1 [00:01<00:00,  1.34s/it]
Recognizing Layout: 100%|##########| 1/1 [00:01<00:00,  1.34s/it]

Running OCR Error Detection:   0%|          | 0/1 [00:00<?, ?it/s]
Running OCR Error Detection: 100%|##########| 1/1 [00:00<00:00,  8.61it/s]
Running OCR Error Detection: 100%|##########| 1/1 [00:00<00:00,  8.61it/s]

Detecting bboxes:   0%|          | 0/1 [00:00<?, ?it/s]
Detecting bboxes: 100%|##########| 1/1 [00:01<00:00,  1.49s/it]
Detecting bboxes: 100%|##########| 1/1 [00:01<00:00,  1.49s/it]

Recognizing Text:   0%|          | 0/3 [00:00<?, ?it/s]
Recognizing Text:  33%|###3      | 1/3 [00:00<00:00,  6.51it/s]
Recognizing Text:  67%|######6   | 2/3 [00:00<00:00,  4.17it/s]
Recognizing Text: 100%|##########| 3/3 [00:02<00:00,  1.21s/it]
Recognizing Text: 100%|##########| 3/3 [00:02<00:00,  1.07it/s]

Recognizing tables:   0%|          | 0/1 [00:00<?, ?it/s]
Recognizing tables: 100%|##########| 1/1 [00:01<00:00,  1.65s/it]
Recognizing tables: 100%|##########| 1/1 [00:01<00:00,  1.65s/it]

Detecting bboxes:   0%|          | 0/1 [00:00<?, ?it/s]
Detecting bboxes: 100%|##########| 1/1 [00:01<00:00,  1.21s/it]
Detecting bboxes: 100%|##########| 1/1 [00:01<00:00,  1.21s/it]

Recognizing Text:   0%|          | 0/783 [00:00<?, ?it/s]
Aborted!

Recognizing Text:   0%|          | 0/783 [00:01<?, ?it/s]

2025-12-09 15:00:47,822 - ERROR - marker_backend.services.marker_runner - Marker failed for C:\Users\snich\OneDrive\Documents\GDDE\doc2_pdf_extraction\marker_fullStack\v5\backend\MarkerV3-chunking-by-external\MarkerV4\temp\gfs_and_tofe_2014121_images\gfs_and_tofe_2014121_page_0006.png (exit=1). See stderr in logs.
2025-12-09 15:00:47,822 - WARNING - marker_backend.services.pdf_converter - Failed to process image C:\Users\snich\OneDrive\Documents\GDDE\doc2_pdf_extraction\marker_fullStack\v5\backend\MarkerV3-chunking-by-external\MarkerV4\temp\gfs_and_tofe_2014121_images\gfs_and_tofe_2014121_page_0006.png: Marker failed for C:\Users\snich\OneDrive\Documents\GDDE\doc2_pdf_extraction\marker_fullStack\v5\backend\MarkerV3-chunking-by-external\MarkerV4\temp\gfs_and_tofe_2014121_images\gfs_and_tofe_2014121_page_0006.png: 
Recognizing Layout:   0%|          | 0/1 [00:00<?, ?it/s]
Recognizing Layout: 100%|##########| 1/1 [00:01<00:00,  1.34s/it]
Recognizing Layout: 100%|##########| 1/1 [00:01<00:00,  1.34s/it]

Running OCR Error Detection:   0%|          | 0/1 [00:00<?, ?it/s]
Running OCR Error Detection: 100%|##########| 1/1 [00:00<00:00,  8.61it/s]
Running OCR Error Detection: 100%|##########| 1/1 [00:00<00:00,  8.61it/s]

Detecting bboxes:   0%|          | 0/1 [00:00<?, ?it/s]
Detecting bboxes: 100%|##########| 1/1 [00:01<00:00,  1.49s/it]
Detecting bboxes: 100%|##########| 1/1 [00:01<00:00,  1.49s/it]

Recognizing Text:   0%|          | 0/3 [00:00<?, ?it/s]
Recognizing Text:  33%|###3      | 1/3 [00:00<00:00,  6.51it/s]
Recognizing Text:  67%|######6   | 2/3 [00:00<00:00,  4.17it/s]
Recognizing Text: 100%|##########| 3/3 [00:02<00:00,  1.21s/it]
Recognizing Text: 100%|##########| 3/3 [00:02<00:00,  1.07it/s]

Recognizing tables:   0%|          | 0/1 [00:00<?, ?it/s]
Recognizing tables: 100%|##########| 1/1 [00:01<00:00,  1.65s/it]
Recognizing tables: 100%|##########| 1/1 [00:01<00:00,  1.65s/it]

Detecting bboxes:   0%|          | 0/1 [00:00<?, ?it/s]
Detecting bboxes: 100%|##########| 1/1 [00:01<00:00,  1.21s/it]
Detecting bboxes: 100%|##########| 1/1 [00:01<00:00,  1.21s/it]

Recognizing Text:   0%|          | 0/783 [00:00<?, ?it/s]
Aborted!

Recognizing Text:   0%|          | 0/783 [00:01<?, ?it/s]

2025-12-09 15:00:47,824 - INFO - marker_backend.services.pdf_converter - Processing image 7/9: gfs_and_tofe_2014121_page_0007.png
2025-12-09 15:00:47,834 - INFO - marker_backend.services.pdf_converter - Processing image with marker_single: C:\Users\snich\OneDrive\Documents\GDDE\doc2_pdf_extraction\marker_fullStack\v5\backend\MarkerV3-chunking-by-external\MarkerV4\temp\gfs_and_tofe_2014121_images\gfs_and_tofe_2014121_page_0007.png
2025-12-09 15:00:47,985 - INFO - marker_backend.services.marker_runner - Starting Marker for C:\Users\snich\OneDrive\Documents\GDDE\doc2_pdf_extraction\marker_fullStack\v5\backend\MarkerV3-chunking-by-external\MarkerV4\temp\gfs_and_tofe_2014121_images\gfs_and_tofe_2014121_page_0007.png with cmd: marker_single 'C:\Users\snich\OneDrive\Documents\GDDE\doc2_pdf_extraction\marker_fullStack\v5\backend\MarkerV3-chunking-by-external\MarkerV4\temp\gfs_and_tofe_2014121_images\gfs_and_tofe_2014121_page_0007.png' --force_ocr --output_format markdown --output_dir 'C:\Users\snich\OneDrive\Documents\GDDE\doc2_pdf_extraction\marker_fullStack\v5\backend\MarkerV3-chunking-by-external\MarkerV4\temp\outputs'
2025-12-09 15:02:19,269 - INFO - marker_backend.services.marker_runner - Marker finished for C:\Users\snich\OneDrive\Documents\GDDE\doc2_pdf_extraction\marker_fullStack\v5\backend\MarkerV3-chunking-by-external\MarkerV4\temp\gfs_and_tofe_2014121_images\gfs_and_tofe_2014121_page_0007.png (exit=0) in 91.28s
2025-12-09 15:02:19,269 - DEBUG - marker_backend.services.marker_runner - Marker stdout for C:\Users\snich\OneDrive\Documents\GDDE\doc2_pdf_extraction\marker_fullStack\v5\backend\MarkerV3-chunking-by-external\MarkerV4\temp\gfs_and_tofe_2014121_images\gfs_and_tofe_2014121_page_0007.png:
<no stdout>
2025-12-09 15:02:19,272 - DEBUG - marker_backend.services.marker_runner - Marker stderr for C:\Users\snich\OneDrive\Documents\GDDE\doc2_pdf_extraction\marker_fullStack\v5\backend\MarkerV3-chunking-by-external\MarkerV4\temp\gfs_and_tofe_2014121_images\gfs_and_tofe_2014121_page_0007.png:

Recognizing Layout:   0%|          | 0/1 [00:00<?, ?it/s]
Recognizing Layout: 100%|##########| 1/1 [00:01<00:00,  1.46s/it]
Recognizing Layout: 100%|##########| 1/1 [00:01<00:00,  1.46s/it]

Running OCR Error Detection:   0%|          | 0/1 [00:00<?, ?it/s]
Running OCR Error Detection: 100%|##########| 1/1 [00:00<00:00,  9.24it/s]
Running OCR Error Detection: 100%|##########| 1/1 [00:00<00:00,  9.24it/s]

Detecting bboxes:   0%|          | 0/1 [00:00<?, ?it/s]
Detecting bboxes: 100%|##########| 1/1 [00:01<00:00,  1.48s/it]
Detecting bboxes: 100%|##########| 1/1 [00:01<00:00,  1.48s/it]

Recognizing Text:   0%|          | 0/10 [00:00<?, ?it/s]
Recognizing Text:  10%|#         | 1/10 [00:00<00:02,  3.97it/s]
Recognizing Text:  20%|##        | 2/10 [00:00<00:02,  2.76it/s]
Recognizing Text:  50%|#####     | 5/10 [00:01<00:01,  4.79it/s]
Recognizing Text:  70%|#######   | 7/10 [00:01<00:00,  6.22it/s]
Recognizing Text:  80%|########  | 8/10 [00:01<00:00,  3.77it/s]
Recognizing Text:  90%|######### | 9/10 [00:02<00:00,  3.06it/s]
Recognizing Text: 100%|##########| 10/10 [00:03<00:00,  1.57it/s]
Recognizing Text: 100%|##########| 10/10 [00:03<00:00,  2.51it/s]

Recognizing tables:   0%|          | 0/1 [00:00<?, ?it/s]
Recognizing tables: 100%|##########| 1/1 [00:00<00:00,  1.06it/s]
Recognizing tables: 100%|##########| 1/1 [00:00<00:00,  1.06it/s]

Detecting bboxes:   0%|          | 0/1 [00:00<?, ?it/s]
Detecting bboxes: 100%|##########| 1/1 [00:00<00:00,  2.39it/s]
Detecting bboxes: 100%|##########| 1/1 [00:00<00:00,  2.39it/s]

Recognizing Text:   0%|          | 0/346 [00:00<?, ?it/s]
Recognizing Text:   0%|          | 1/346 [00:00<04:41,  1.23it/s]
Recognizing Text:   1%|          | 3/346 [00:02<05:25,  1.05it/s]
Recognizing Text:   1%|1         | 4/346 [00:06<11:04,  1.94s/it]
Recognizing Text:   2%|2         | 7/346 [00:07<05:29,  1.03it/s]
Recognizing Text:   2%|2         | 8/346 [00:08<05:26,  1.03it/s]
Recognizing Text:   6%|6         | 22/346 [00:08<01:03,  5.13it/s]
Recognizing Text:   8%|7         | 27/346 [00:09<01:01,  5.18it/s]
Recognizing Text:   9%|8         | 30/346 [00:10<01:09,  4.56it/s]
Recognizing Text:   9%|9         | 32/346 [00:13<02:14,  2.33it/s]
Recognizing Text:  10%|#         | 35/346 [00:14<02:04,  2.49it/s]
Recognizing Text:  12%|#2        | 42/346 [00:14<01:09,  4.39it/s]
Recognizing Text:  13%|#2        | 44/346 [00:15<01:20,  3.73it/s]
Recognizing Text:  14%|#3        | 48/346 [00:16<01:17,  3.85it/s]
Recognizing Text:  15%|#5        | 52/346 [00:17<01:17,  3.78it/s]
Recognizing Text:  17%|#6        | 58/346 [00:19<01:23,  3.45it/s]
Recognizing Text:  19%|#9        | 67/346 [00:20<00:46,  6.01it/s]
Recognizing Text:  20%|#9        | 69/346 [00:21<00:57,  4.83it/s]
Recognizing Text:  22%|##1       | 75/346 [00:22<00:51,  5.30it/s]
Recognizing Text:  22%|##2       | 77/346 [00:23<01:04,  4.15it/s]
Recognizing Text:  23%|##3       | 81/346 [00:24<01:06,  3.96it/s]
Recognizing Text:  25%|##4       | 85/346 [00:25<01:05,  3.97it/s]
Recognizing Text:  26%|##6       | 91/346 [00:25<00:42,  5.93it/s]
Recognizing Text:  27%|##6       | 93/346 [00:26<00:55,  4.55it/s]
Recognizing Text:  29%|##8       | 99/346 [00:27<00:48,  5.11it/s]
Recognizing Text:  31%|###       | 107/346 [00:28<00:41,  5.71it/s]
Recognizing Text:  33%|###2      | 113/346 [00:29<00:39,  5.89it/s]
Recognizing Text:  34%|###4      | 118/346 [00:29<00:30,  7.42it/s]
Recognizing Text:  35%|###4      | 120/346 [00:30<00:40,  5.54it/s]
Recognizing Text:  35%|###4      | 121/346 [00:31<00:55,  4.03it/s]
Recognizing Text:  36%|###5      | 123/346 [00:32<01:07,  3.32it/s]
Recognizing Text:  39%|###8      | 134/346 [00:32<00:27,  7.69it/s]
Recognizing Text:  39%|###9      | 136/346 [00:33<00:37,  5.65it/s]
Recognizing Text:  41%|####1     | 143/346 [00:34<00:32,  6.22it/s]
Recognizing Text:  44%|####4     | 153/346 [00:36<00:27,  6.94it/s]
Recognizing Text:  46%|####5     | 158/346 [00:37<00:29,  6.42it/s]
Recognizing Text:  47%|####6     | 161/346 [00:37<00:34,  5.42it/s]
Recognizing Text:  48%|####8     | 167/346 [00:38<00:24,  7.37it/s]
Recognizing Text:  49%|####9     | 171/346 [00:39<00:27,  6.26it/s]
Recognizing Text:  50%|#####     | 174/346 [00:40<00:32,  5.22it/s]
Recognizing Text:  53%|#####3    | 185/346 [00:41<00:24,  6.54it/s]
Recognizing Text:  56%|#####6    | 195/346 [00:41<00:14, 10.18it/s]
Recognizing Text:  57%|#####7    | 198/346 [00:42<00:19,  7.68it/s]
Recognizing Text:  59%|#####8    | 203/346 [00:43<00:20,  6.86it/s]
Recognizing Text:  60%|######    | 209/346 [00:44<00:21,  6.24it/s]
Recognizing Text:  61%|######1   | 212/346 [00:45<00:25,  5.22it/s]
Recognizing Text:  63%|######3   | 219/346 [00:45<00:16,  7.75it/s]
Recognizing Text:  65%|######5   | 225/346 [00:46<00:16,  7.21it/s]
Recognizing Text:  68%|######8   | 236/346 [00:46<00:09, 11.55it/s]
Recognizing Text:  69%|######9   | 239/346 [00:47<00:12,  8.26it/s]
Recognizing Text:  70%|#######   | 243/346 [00:48<00:15,  6.77it/s]
Recognizing Text:  72%|#######1  | 248/346 [00:50<00:16,  5.84it/s]
Recognizing Text:  74%|#######3  | 255/346 [00:51<00:14,  6.32it/s]
Recognizing Text:  75%|#######5  | 260/346 [00:52<00:15,  5.66it/s]
Recognizing Text:  77%|#######7  | 268/346 [00:53<00:12,  6.48it/s]
Recognizing Text:  80%|########  | 277/346 [00:54<00:10,  6.84it/s]
Recognizing Text:  82%|########2 | 284/346 [00:55<00:08,  7.00it/s]
Recognizing Text:  85%|########4 | 293/346 [00:56<00:07,  7.16it/s]
Recognizing Text:  86%|########5 | 296/346 [00:57<00:08,  6.03it/s]
Recognizing Text:  88%|########7 | 303/346 [00:58<00:06,  6.17it/s]
Recognizing Text:  89%|########9 | 309/346 [00:59<00:05,  6.19it/s]
Recognizing Text:  92%|#########1| 318/346 [01:00<00:03,  7.11it/s]
Recognizing Text:  94%|#########3| 324/346 [01:01<00:03,  6.86it/s]
Recognizing Text:  95%|#########5| 330/346 [01:02<00:02,  6.72it/s]
Recognizing Text:  98%|#########7| 339/346 [01:03<00:00,  7.54it/s]
Recognizing Text:  99%|#########8| 342/346 [01:04<00:00,  6.27it/s]
Recognizing Text: 100%|##########| 346/346 [01:06<00:00,  4.36it/s]
Recognizing Text: 100%|##########| 346/346 [01:06<00:00,  5.24it/s]
2025-12-09 15:02:17,666 [INFO] marker: Saved markdown to C:\Users\snich\OneDrive\Documents\GDDE\doc2_pdf_extraction\marker_fullStack\v5\backend\MarkerV3-chunking-by-external\MarkerV4\temp\outputs\gfs_and_tofe_2014121_page_0007
2025-12-09 15:02:17,666 [INFO] marker: Total time: 75.06382465362549

2025-12-09 15:02:19,272 - DEBUG - marker_backend.services.marker_runner - Expected output not found at canonical path; attempting discovery heuristics.
2025-12-09 15:02:19,320 - INFO - marker_backend.services.marker_runner - Discovered Marker output at C:\Users\snich\OneDrive\Documents\GDDE\doc2_pdf_extraction\marker_fullStack\v5\backend\MarkerV3-chunking-by-external\MarkerV4\temp\outputs\gfs_and_tofe_2014121_page_0007
2025-12-09 15:02:19,323 - ERROR - marker_backend.services.pdf_converter - Error processing image C:\Users\snich\OneDrive\Documents\GDDE\doc2_pdf_extraction\marker_fullStack\v5\backend\MarkerV3-chunking-by-external\MarkerV4\temp\gfs_and_tofe_2014121_images\gfs_and_tofe_2014121_page_0007.png: [Errno 13] Permission denied: 'C:\\Users\\snich\\OneDrive\\Documents\\GDDE\\doc2_pdf_extraction\\marker_fullStack\\v5\\backend\\MarkerV3-chunking-by-external\\MarkerV4\\temp\\outputs\\gfs_and_tofe_2014121_page_0007'
2025-12-09 15:02:19,323 - WARNING - marker_backend.services.pdf_converter - Failed to process image C:\Users\snich\OneDrive\Documents\GDDE\doc2_pdf_extraction\marker_fullStack\v5\backend\MarkerV3-chunking-by-external\MarkerV4\temp\gfs_and_tofe_2014121_images\gfs_and_tofe_2014121_page_0007.png: Failed to process image with marker: [Errno 13] Permission denied: 'C:\\Users\\snich\\OneDrive\\Documents\\GDDE\\doc2_pdf_extraction\\marker_fullStack\\v5\\backend\\MarkerV3-chunking-by-external\\MarkerV4\\temp\\outputs\\gfs_and_tofe_2014121_page_0007'
2025-12-09 15:02:19,323 - INFO - marker_backend.services.pdf_converter - Processing image 8/9: gfs_and_tofe_2014121_page_0008.png
2025-12-09 15:02:19,326 - INFO - marker_backend.services.pdf_converter - Processing image with marker_single: C:\Users\snich\OneDrive\Documents\GDDE\doc2_pdf_extraction\marker_fullStack\v5\backend\MarkerV3-chunking-by-external\MarkerV4\temp\gfs_and_tofe_2014121_images\gfs_and_tofe_2014121_page_0008.png
2025-12-09 15:02:19,444 - INFO - marker_backend.services.marker_runner - Starting Marker for C:\Users\snich\OneDrive\Documents\GDDE\doc2_pdf_extraction\marker_fullStack\v5\backend\MarkerV3-chunking-by-external\MarkerV4\temp\gfs_and_tofe_2014121_images\gfs_and_tofe_2014121_page_0008.png with cmd: marker_single 'C:\Users\snich\OneDrive\Documents\GDDE\doc2_pdf_extraction\marker_fullStack\v5\backend\MarkerV3-chunking-by-external\MarkerV4\temp\gfs_and_tofe_2014121_images\gfs_and_tofe_2014121_page_0008.png' --force_ocr --output_format markdown --output_dir 'C:\Users\snich\OneDrive\Documents\GDDE\doc2_pdf_extraction\marker_fullStack\v5\backend\MarkerV3-chunking-by-external\MarkerV4\temp\outputs'
2025-12-09 15:03:10,270 - INFO - marker_backend.services.marker_runner - Marker finished for C:\Users\snich\OneDrive\Documents\GDDE\doc2_pdf_extraction\marker_fullStack\v5\backend\MarkerV3-chunking-by-external\MarkerV4\temp\gfs_and_tofe_2014121_images\gfs_and_tofe_2014121_page_0008.png (exit=0) in 50.83s
2025-12-09 15:03:10,270 - DEBUG - marker_backend.services.marker_runner - Marker stdout for C:\Users\snich\OneDrive\Documents\GDDE\doc2_pdf_extraction\marker_fullStack\v5\backend\MarkerV3-chunking-by-external\MarkerV4\temp\gfs_and_tofe_2014121_images\gfs_and_tofe_2014121_page_0008.png:
<no stdout>
2025-12-09 15:03:10,270 - DEBUG - marker_backend.services.marker_runner - Marker stderr for C:\Users\snich\OneDrive\Documents\GDDE\doc2_pdf_extraction\marker_fullStack\v5\backend\MarkerV3-chunking-by-external\MarkerV4\temp\gfs_and_tofe_2014121_images\gfs_and_tofe_2014121_page_0008.png:

Recognizing Layout:   0%|          | 0/1 [00:00<?, ?it/s]
Recognizing Layout: 100%|##########| 1/1 [00:01<00:00,  1.55s/it]
Recognizing Layout: 100%|##########| 1/1 [00:01<00:00,  1.55s/it]

Running OCR Error Detection:   0%|          | 0/1 [00:00<?, ?it/s]
Running OCR Error Detection: 100%|##########| 1/1 [00:00<00:00,  7.18it/s]
Running OCR Error Detection: 100%|##########| 1/1 [00:00<00:00,  7.18it/s]

Detecting bboxes:   0%|          | 0/1 [00:00<?, ?it/s]
Detecting bboxes: 100%|##########| 1/1 [00:01<00:00,  1.73s/it]
Detecting bboxes: 100%|##########| 1/1 [00:01<00:00,  1.73s/it]

Recognizing Text:   0%|          | 0/5 [00:00<?, ?it/s]
Recognizing Text:  20%|##        | 1/5 [00:02<00:09,  2.48s/it]
Recognizing Text:  40%|####      | 2/5 [00:09<00:16,  5.39s/it]
Recognizing Text:  60%|######    | 3/5 [00:17<00:12,  6.36s/it]
Recognizing Text:  80%|########  | 4/5 [00:20<00:04,  4.87s/it]
Recognizing Text: 100%|##########| 5/5 [00:30<00:00,  6.77s/it]
Recognizing Text: 100%|##########| 5/5 [00:30<00:00,  6.03s/it]

Detecting bboxes: 0it [00:00, ?it/s]
Detecting bboxes: 0it [00:00, ?it/s]
2025-12-09 15:03:08,687 [INFO] marker: Saved markdown to C:\Users\snich\OneDrive\Documents\GDDE\doc2_pdf_extraction\marker_fullStack\v5\backend\MarkerV3-chunking-by-external\MarkerV4\temp\outputs\gfs_and_tofe_2014121_page_0008
2025-12-09 15:03:08,687 [INFO] marker: Total time: 34.15029168128967

2025-12-09 15:03:10,270 - DEBUG - marker_backend.services.marker_runner - Expected output not found at canonical path; attempting discovery heuristics.
2025-12-09 15:03:10,283 - INFO - marker_backend.services.marker_runner - Discovered Marker output at C:\Users\snich\OneDrive\Documents\GDDE\doc2_pdf_extraction\marker_fullStack\v5\backend\MarkerV3-chunking-by-external\MarkerV4\temp\outputs\gfs_and_tofe_2014121_page_0008
2025-12-09 15:03:10,284 - ERROR - marker_backend.services.pdf_converter - Error processing image C:\Users\snich\OneDrive\Documents\GDDE\doc2_pdf_extraction\marker_fullStack\v5\backend\MarkerV3-chunking-by-external\MarkerV4\temp\gfs_and_tofe_2014121_images\gfs_and_tofe_2014121_page_0008.png: [Errno 13] Permission denied: 'C:\\Users\\snich\\OneDrive\\Documents\\GDDE\\doc2_pdf_extraction\\marker_fullStack\\v5\\backend\\MarkerV3-chunking-by-external\\MarkerV4\\temp\\outputs\\gfs_and_tofe_2014121_page_0008'
2025-12-09 15:03:10,285 - WARNING - marker_backend.services.pdf_converter - Failed to process image C:\Users\snich\OneDrive\Documents\GDDE\doc2_pdf_extraction\marker_fullStack\v5\backend\MarkerV3-chunking-by-external\MarkerV4\temp\gfs_and_tofe_2014121_images\gfs_and_tofe_2014121_page_0008.png: Failed to process image with marker: [Errno 13] Permission denied: 'C:\\Users\\snich\\OneDrive\\Documents\\GDDE\\doc2_pdf_extraction\\marker_fullStack\\v5\\backend\\MarkerV3-chunking-by-external\\MarkerV4\\temp\\outputs\\gfs_and_tofe_2014121_page_0008'
2025-12-09 15:03:10,288 - INFO - marker_backend.services.pdf_converter - Processing image 9/9: gfs_and_tofe_2014121_page_0009.png
2025-12-09 15:03:10,289 - INFO - marker_backend.services.pdf_converter - Processing image with marker_single: C:\Users\snich\OneDrive\Documents\GDDE\doc2_pdf_extraction\marker_fullStack\v5\backend\MarkerV3-chunking-by-external\MarkerV4\temp\gfs_and_tofe_2014121_images\gfs_and_tofe_2014121_page_0009.png
2025-12-09 15:03:10,344 - INFO - marker_backend.services.marker_runner - Starting Marker for C:\Users\snich\OneDrive\Documents\GDDE\doc2_pdf_extraction\marker_fullStack\v5\backend\MarkerV3-chunking-by-external\MarkerV4\temp\gfs_and_tofe_2014121_images\gfs_and_tofe_2014121_page_0009.png with cmd: marker_single 'C:\Users\snich\OneDrive\Documents\GDDE\doc2_pdf_extraction\marker_fullStack\v5\backend\MarkerV3-chunking-by-external\MarkerV4\temp\gfs_and_tofe_2014121_images\gfs_and_tofe_2014121_page_0009.png' --force_ocr --output_format markdown --output_dir 'C:\Users\snich\OneDrive\Documents\GDDE\doc2_pdf_extraction\marker_fullStack\v5\backend\MarkerV3-chunking-by-external\MarkerV4\temp\outputs'
2025-12-09 15:05:55,337 - INFO - marker_backend.services.marker_runner - Marker finished for C:\Users\snich\OneDrive\Documents\GDDE\doc2_pdf_extraction\marker_fullStack\v5\backend\MarkerV3-chunking-by-external\MarkerV4\temp\gfs_and_tofe_2014121_images\gfs_and_tofe_2014121_page_0009.png (exit=0) in 164.99s
2025-12-09 15:05:55,337 - DEBUG - marker_backend.services.marker_runner - Marker stdout for C:\Users\snich\OneDrive\Documents\GDDE\doc2_pdf_extraction\marker_fullStack\v5\backend\MarkerV3-chunking-by-external\MarkerV4\temp\gfs_and_tofe_2014121_images\gfs_and_tofe_2014121_page_0009.png:
<no stdout>
2025-12-09 15:05:55,337 - DEBUG - marker_backend.services.marker_runner - Marker stderr for C:\Users\snich\OneDrive\Documents\GDDE\doc2_pdf_extraction\marker_fullStack\v5\backend\MarkerV3-chunking-by-external\MarkerV4\temp\gfs_and_tofe_2014121_images\gfs_and_tofe_2014121_page_0009.png:

Recognizing Layout:   0%|          | 0/1 [00:00<?, ?it/s]
Recognizing Layout: 100%|##########| 1/1 [00:01<00:00,  1.30s/it]
Recognizing Layout: 100%|##########| 1/1 [00:01<00:00,  1.30s/it]

Running OCR Error Detection:   0%|          | 0/1 [00:00<?, ?it/s]
Running OCR Error Detection: 100%|##########| 1/1 [00:00<00:00,  9.03it/s]
Running OCR Error Detection: 100%|##########| 1/1 [00:00<00:00,  9.03it/s]

Detecting bboxes:   0%|          | 0/1 [00:00<?, ?it/s]
Detecting bboxes: 100%|##########| 1/1 [00:01<00:00,  1.43s/it]
Detecting bboxes: 100%|##########| 1/1 [00:01<00:00,  1.43s/it]

Recognizing Text:   0%|          | 0/3 [00:00<?, ?it/s]
Recognizing Text:  33%|###3      | 1/3 [00:01<00:02,  1.23s/it]
Recognizing Text:  67%|######6   | 2/3 [00:03<00:01,  1.57s/it]
Recognizing Text: 100%|##########| 3/3 [00:09<00:00,  3.98s/it]
Recognizing Text: 100%|##########| 3/3 [00:09<00:00,  3.29s/it]

Recognizing tables:   0%|          | 0/1 [00:00<?, ?it/s]
Recognizing tables: 100%|##########| 1/1 [00:01<00:00,  1.74s/it]
Recognizing tables: 100%|##########| 1/1 [00:01<00:00,  1.74s/it]

Detecting bboxes:   0%|          | 0/1 [00:00<?, ?it/s]
Detecting bboxes: 100%|##########| 1/1 [00:00<00:00,  1.67it/s]
Detecting bboxes: 100%|##########| 1/1 [00:00<00:00,  1.67it/s]

Recognizing Text:   0%|          | 0/469 [00:00<?, ?it/s]
Recognizing Text:   0%|          | 1/469 [00:03<28:01,  3.59s/it]
Recognizing Text:   1%|1         | 7/469 [00:06<05:47,  1.33it/s]
Recognizing Text:   2%|1         | 8/469 [00:11<11:32,  1.50s/it]
Recognizing Text:   3%|3         | 15/469 [00:11<04:17,  1.77it/s]
Recognizing Text:   4%|4         | 20/469 [00:13<04:02,  1.86it/s]
Recognizing Text:   5%|5         | 24/469 [00:17<04:55,  1.51it/s]
Recognizing Text:   5%|5         | 25/469 [00:17<04:34,  1.62it/s]
Recognizing Text:   7%|7         | 35/469 [00:18<01:55,  3.76it/s]
Recognizing Text:   9%|9         | 43/469 [00:19<01:34,  4.53it/s]
Recognizing Text:  10%|9         | 45/469 [00:20<01:59,  3.55it/s]
Recognizing Text:  11%|#         | 50/469 [00:21<01:53,  3.70it/s]
Recognizing Text:  12%|#2        | 58/469 [00:23<01:35,  4.29it/s]
Recognizing Text:  13%|#2        | 60/469 [00:27<03:00,  2.26it/s]
Recognizing Text:  13%|#3        | 62/469 [00:28<03:10,  2.13it/s]
Recognizing Text:  14%|#4        | 67/469 [00:29<02:38,  2.54it/s]
Recognizing Text:  16%|#6        | 76/469 [00:29<01:27,  4.51it/s]
Recognizing Text:  17%|#6        | 78/469 [00:31<01:47,  3.63it/s]
Recognizing Text:  17%|#6        | 79/469 [00:32<02:18,  2.81it/s]
Recognizing Text:  20%|#9        | 92/469 [00:33<01:17,  4.87it/s]
Recognizing Text:  20%|#9        | 93/469 [00:34<01:40,  3.72it/s]
Recognizing Text:  21%|##        | 98/469 [00:37<02:04,  2.98it/s]
Recognizing Text:  21%|##1       | 99/469 [00:38<02:30,  2.45it/s]
Recognizing Text:  22%|##1       | 101/469 [00:39<02:43,  2.25it/s]
Recognizing Text:  24%|##4       | 113/469 [00:40<01:05,  5.43it/s]
Recognizing Text:  25%|##4       | 116/469 [00:41<01:19,  4.42it/s]
Recognizing Text:  25%|##5       | 119/469 [00:42<01:32,  3.79it/s]
Recognizing Text:  28%|##8       | 133/469 [00:42<00:41,  8.15it/s]
Recognizing Text:  29%|##8       | 136/469 [00:44<00:54,  6.07it/s]
Recognizing Text:  29%|##9       | 138/469 [00:45<01:13,  4.52it/s]
Recognizing Text:  30%|##9       | 140/469 [00:46<01:32,  3.55it/s]
Recognizing Text:  30%|###       | 141/469 [00:47<02:02,  2.67it/s]
Recognizing Text:  30%|###       | 143/469 [00:47<01:40,  3.23it/s]
Recognizing Text:  31%|###       | 145/469 [00:49<02:02,  2.64it/s]
Recognizing Text:  31%|###1      | 147/469 [00:50<02:21,  2.27it/s]
Recognizing Text:  33%|###2      | 154/469 [00:50<01:04,  4.86it/s]
Recognizing Text:  33%|###3      | 156/469 [00:51<01:28,  3.55it/s]
Recognizing Text:  34%|###3      | 159/469 [00:52<01:38,  3.15it/s]
Recognizing Text:  37%|###7      | 174/469 [00:55<01:07,  4.36it/s]
Recognizing Text:  39%|###9      | 183/469 [00:56<00:56,  5.10it/s]
Recognizing Text:  39%|###9      | 185/469 [00:57<00:52,  5.42it/s]
Recognizing Text:  40%|###9      | 187/469 [00:58<01:07,  4.16it/s]
Recognizing Text:  41%|####      | 190/469 [00:59<01:16,  3.63it/s]
Recognizing Text:  42%|####1     | 196/469 [00:59<00:49,  5.51it/s]
Recognizing Text:  42%|####2     | 198/469 [01:01<01:07,  4.04it/s]
Recognizing Text:  45%|####4     | 209/469 [01:01<00:31,  8.27it/s]
Recognizing Text:  45%|####5     | 212/469 [01:02<00:44,  5.74it/s]
Recognizing Text:  46%|####6     | 216/469 [01:03<00:52,  4.81it/s]
Recognizing Text:  49%|####8     | 228/469 [01:05<00:39,  6.06it/s]
Recognizing Text:  49%|####9     | 230/469 [01:06<00:51,  4.67it/s]
Recognizing Text:  51%|#####     | 237/469 [01:07<00:46,  5.00it/s]
Recognizing Text:  52%|#####1    | 243/469 [01:09<00:48,  4.67it/s]
Recognizing Text:  53%|#####2    | 247/469 [01:10<00:52,  4.21it/s]
Recognizing Text:  55%|#####4    | 257/469 [01:11<00:41,  5.11it/s]
Recognizing Text:  56%|#####6    | 264/469 [01:13<00:38,  5.28it/s]
Recognizing Text:  58%|#####8    | 273/469 [01:14<00:35,  5.54it/s]
Recognizing Text:  60%|#####9    | 281/469 [01:15<00:32,  5.75it/s]
Recognizing Text:  60%|######    | 282/469 [01:17<00:42,  4.36it/s]
Recognizing Text:  61%|######1   | 287/469 [01:18<00:44,  4.05it/s]
Recognizing Text:  62%|######2   | 292/469 [01:19<00:43,  4.06it/s]
Recognizing Text:  65%|######4   | 304/469 [01:21<00:30,  5.37it/s]
Recognizing Text:  66%|######6   | 310/469 [01:22<00:30,  5.21it/s]
Recognizing Text:  69%|######9   | 325/469 [01:23<00:21,  6.71it/s]
Recognizing Text:  70%|#######   | 330/469 [01:25<00:23,  6.00it/s]
Recognizing Text:  72%|#######1  | 336/469 [01:26<00:24,  5.48it/s]
Recognizing Text:  72%|#######2  | 338/469 [01:27<00:29,  4.42it/s]
Recognizing Text:  74%|#######4  | 349/469 [01:29<00:22,  5.42it/s]
Recognizing Text:  75%|#######5  | 352/469 [01:30<00:25,  4.60it/s]
Recognizing Text:  77%|#######7  | 363/469 [01:31<00:19,  5.55it/s]
Recognizing Text:  78%|#######8  | 367/469 [01:33<00:20,  4.87it/s]
Recognizing Text:  81%|########1 | 380/469 [01:34<00:14,  6.15it/s]
Recognizing Text:  82%|########1 | 384/469 [01:35<00:15,  5.32it/s]
Recognizing Text:  84%|########4 | 395/469 [01:37<00:12,  6.09it/s]
Recognizing Text:  85%|########4 | 397/469 [01:38<00:14,  4.83it/s]
Recognizing Text:  87%|########6 | 407/469 [01:38<00:08,  7.64it/s]
Recognizing Text:  87%|########7 | 410/469 [01:41<00:13,  4.32it/s]
Recognizing Text:  90%|########9 | 420/469 [01:42<00:09,  5.12it/s]
Recognizing Text:  91%|#########1| 428/469 [01:43<00:07,  5.52it/s]
Recognizing Text:  94%|#########3| 439/469 [01:45<00:04,  6.39it/s]
Recognizing Text:  95%|#########4| 445/469 [01:46<00:04,  5.98it/s]
Recognizing Text:  97%|#########6| 454/469 [01:47<00:02,  6.39it/s]
Recognizing Text:  99%|#########9| 465/469 [01:48<00:00,  7.09it/s]
Recognizing Text: 100%|#########9| 467/469 [01:51<00:00,  4.21it/s]
Recognizing Text: 100%|##########| 469/469 [02:12<00:00,  1.36s/it]
Recognizing Text: 100%|##########| 469/469 [02:12<00:00,  3.55it/s]
2025-12-09 15:05:53,706 [INFO] marker: Saved markdown to C:\Users\snich\OneDrive\Documents\GDDE\doc2_pdf_extraction\marker_fullStack\v5\backend\MarkerV3-chunking-by-external\MarkerV4\temp\outputs\gfs_and_tofe_2014121_page_0009
2025-12-09 15:05:53,706 [INFO] marker: Total time: 148.3319263458252

2025-12-09 15:05:55,337 - DEBUG - marker_backend.services.marker_runner - Expected output not found at canonical path; attempting discovery heuristics.
2025-12-09 15:05:55,390 - INFO - marker_backend.services.marker_runner - Discovered Marker output at C:\Users\snich\OneDrive\Documents\GDDE\doc2_pdf_extraction\marker_fullStack\v5\backend\MarkerV3-chunking-by-external\MarkerV4\temp\outputs\gfs_and_tofe_2014121_page_0009
2025-12-09 15:05:55,396 - ERROR - marker_backend.services.pdf_converter - Error processing image C:\Users\snich\OneDrive\Documents\GDDE\doc2_pdf_extraction\marker_fullStack\v5\backend\MarkerV3-chunking-by-external\MarkerV4\temp\gfs_and_tofe_2014121_images\gfs_and_tofe_2014121_page_0009.png: [Errno 13] Permission denied: 'C:\\Users\\snich\\OneDrive\\Documents\\GDDE\\doc2_pdf_extraction\\marker_fullStack\\v5\\backend\\MarkerV3-chunking-by-external\\MarkerV4\\temp\\outputs\\gfs_and_tofe_2014121_page_0009'
2025-12-09 15:05:55,397 - WARNING - marker_backend.services.pdf_converter - Failed to process image C:\Users\snich\OneDrive\Documents\GDDE\doc2_pdf_extraction\marker_fullStack\v5\backend\MarkerV3-chunking-by-external\MarkerV4\temp\gfs_and_tofe_2014121_images\gfs_and_tofe_2014121_page_0009.png: Failed to process image with marker: [Errno 13] Permission denied: 'C:\\Users\\snich\\OneDrive\\Documents\\GDDE\\doc2_pdf_extraction\\marker_fullStack\\v5\\backend\\MarkerV3-chunking-by-external\\MarkerV4\\temp\\outputs\\gfs_and_tofe_2014121_page_0009'
2025-12-09 15:05:55,399 - INFO - marker_backend.services.pdf_converter - Combining content from 9 processed images
2025-12-09 15:05:55,401 - INFO - marker_backend.services.pdf_converter - Saved combined markdown to C:\Users\snich\OneDrive\Documents\GDDE\doc2_pdf_extraction\marker_fullStack\v5\backend\MarkerV3-chunking-by-external\MarkerV4\temp\outputs\gfs_and_tofe_2014121.md
2025-12-09 15:05:55,402 - DEBUG - marker_backend.services.pdf_converter - Deleted temporary image: C:\Users\snich\OneDrive\Documents\GDDE\doc2_pdf_extraction\marker_fullStack\v5\backend\MarkerV3-chunking-by-external\MarkerV4\temp\gfs_and_tofe_2014121_images\gfs_and_tofe_2014121_page_0001.png
2025-12-09 15:05:55,403 - DEBUG - marker_backend.services.pdf_converter - Deleted temporary image: C:\Users\snich\OneDrive\Documents\GDDE\doc2_pdf_extraction\marker_fullStack\v5\backend\MarkerV3-chunking-by-external\MarkerV4\temp\gfs_and_tofe_2014121_images\gfs_and_tofe_2014121_page_0002.png
2025-12-09 15:05:55,404 - DEBUG - marker_backend.services.pdf_converter - Deleted temporary image: C:\Users\snich\OneDrive\Documents\GDDE\doc2_pdf_extraction\marker_fullStack\v5\backend\MarkerV3-chunking-by-external\MarkerV4\temp\gfs_and_tofe_2014121_images\gfs_and_tofe_2014121_page_0003.png
2025-12-09 15:05:55,405 - DEBUG - marker_backend.services.pdf_converter - Deleted temporary image: C:\Users\snich\OneDrive\Documents\GDDE\doc2_pdf_extraction\marker_fullStack\v5\backend\MarkerV3-chunking-by-external\MarkerV4\temp\gfs_and_tofe_2014121_images\gfs_and_tofe_2014121_page_0004.png
2025-12-09 15:05:55,406 - DEBUG - marker_backend.services.pdf_converter - Deleted temporary image: C:\Users\snich\OneDrive\Documents\GDDE\doc2_pdf_extraction\marker_fullStack\v5\backend\MarkerV3-chunking-by-external\MarkerV4\temp\gfs_and_tofe_2014121_images\gfs_and_tofe_2014121_page_0005.png
2025-12-09 15:05:55,408 - DEBUG - marker_backend.services.pdf_converter - Deleted temporary image: C:\Users\snich\OneDrive\Documents\GDDE\doc2_pdf_extraction\marker_fullStack\v5\backend\MarkerV3-chunking-by-external\MarkerV4\temp\gfs_and_tofe_2014121_images\gfs_and_tofe_2014121_page_0006.png
2025-12-09 15:05:55,408 - DEBUG - marker_backend.services.pdf_converter - Deleted temporary image: C:\Users\snich\OneDrive\Documents\GDDE\doc2_pdf_extraction\marker_fullStack\v5\backend\MarkerV3-chunking-by-external\MarkerV4\temp\gfs_and_tofe_2014121_images\gfs_and_tofe_2014121_page_0007.png
2025-12-09 15:05:55,414 - DEBUG - marker_backend.services.pdf_converter - Deleted temporary image: C:\Users\snich\OneDrive\Documents\GDDE\doc2_pdf_extraction\marker_fullStack\v5\backend\MarkerV3-chunking-by-external\MarkerV4\temp\gfs_and_tofe_2014121_images\gfs_and_tofe_2014121_page_0008.png
2025-12-09 15:05:55,419 - DEBUG - marker_backend.services.pdf_converter - Deleted temporary image: C:\Users\snich\OneDrive\Documents\GDDE\doc2_pdf_extraction\marker_fullStack\v5\backend\MarkerV3-chunking-by-external\MarkerV4\temp\gfs_and_tofe_2014121_images\gfs_and_tofe_2014121_page_0009.png
2025-12-09 15:05:55,420 - INFO - marker_backend.services.pdf_converter - PDF conversion workflow completed successfully. Output: C:\Users\snich\OneDrive\Documents\GDDE\doc2_pdf_extraction\marker_fullStack\v5\backend\MarkerV3-chunking-by-external\MarkerV4\temp\outputs\gfs_and_tofe_2014121.md
2025-12-09 15:05:55,421 - INFO - marker_backend.api.endpoints - Processing produced output file: C:\Users\snich\OneDrive\Documents\GDDE\doc2_pdf_extraction\marker_fullStack\v5\backend\MarkerV3-chunking-by-external\MarkerV4\temp\outputs\gfs_and_tofe_2014121.md
